[2025-03-26T13:49:25.251+0000][1484][info][gc,init] CardTable entry size: 512
[2025-03-26T13:49:25.265+0000][1484][info][gc     ] Using G1
[2025-03-26T13:49:25.265+0000][1484][info][gc,init] Version: 23+37-2369 (release)
[2025-03-26T13:49:25.265+0000][1484][info][gc,init] CPUs: 12 total, 12 available
[2025-03-26T13:49:25.265+0000][1484][info][gc,init] Memory: 15693M
[2025-03-26T13:49:25.265+0000][1484][info][gc,init] Large Page Support: Disabled
[2025-03-26T13:49:25.265+0000][1484][info][gc,init] NUMA Support: Disabled
[2025-03-26T13:49:25.265+0000][1484][info][gc,init] Compressed Oops: Enabled (Zero based)
[2025-03-26T13:49:25.265+0000][1484][info][gc,init] Heap Region Size: 2M
[2025-03-26T13:49:25.265+0000][1484][info][gc,init] Heap Min Capacity: 8M
[2025-03-26T13:49:25.265+0000][1484][info][gc,init] Heap Initial Capacity: 246M
[2025-03-26T13:49:25.265+0000][1484][info][gc,init] Heap Max Capacity: 3924M
[2025-03-26T13:49:25.265+0000][1484][info][gc,init] Pre-touch: Disabled
[2025-03-26T13:49:25.265+0000][1484][info][gc,init] Parallel Workers: 10
[2025-03-26T13:49:25.265+0000][1484][info][gc,init] Concurrent Workers: 3
[2025-03-26T13:49:25.265+0000][1484][info][gc,init] Concurrent Refinement Workers: 10
[2025-03-26T13:49:25.265+0000][1484][info][gc,init] Periodic GC: Disabled
[2025-03-26T13:49:25.270+0000][1484][info][gc,metaspace] CDS archive(s) mapped at: [0x000002a417000000-0x000002a417d70000-0x000002a417d70000), size 14090240, SharedBaseAddress: 0x000002a417000000, ArchiveRelocationMode: 1.
[2025-03-26T13:49:25.270+0000][1484][info][gc,metaspace] Compressed class space mapped at: 0x000002a418000000-0x000002a458000000, reserved size: 1073741824
[2025-03-26T13:49:25.270+0000][1484][info][gc,metaspace] Narrow klass base: 0x000002a417000000, Narrow klass shift: 0, Narrow klass range: 0x41000000
[2025-03-26T13:49:25.359+0000][1484][info][gc,heap,exit] Heap
[2025-03-26T13:49:25.359+0000][1484][info][gc,heap,exit]  garbage-first heap   total reserved 4018176K, committed 251904K, used 3031K [0x000000070ac00000, 0x0000000800000000)
[2025-03-26T13:49:25.359+0000][1484][info][gc,heap,exit]   region size 2048K, 2 young (4096K), 0 survivors (0K)
[2025-03-26T13:49:25.359+0000][1484][info][gc,heap,exit]  Metaspace       used 219K, committed 448K, reserved 1114112K
[2025-03-26T13:49:25.359+0000][1484][info][gc,heap,exit]   class space    used 6K, committed 128K, reserved 1048576K
