[2025-03-26T13:47:44.023+0000][18160][info][gc,init] CardTable entry size: 512
[2025-03-26T13:47:44.023+0000][18160][info][gc     ] Using G1
[2025-03-26T13:47:46.551+0000][18160][info][gc,init] Version: 23+37-2369 (release)
[2025-03-26T13:47:46.551+0000][18160][info][gc,init] CPUs: 12 total, 12 available
[2025-03-26T13:47:46.551+0000][18160][info][gc,init] Memory: 15693M
[2025-03-26T13:47:46.551+0000][18160][info][gc,init] Large Page Support: Disabled
[2025-03-26T13:47:46.551+0000][18160][info][gc,init] NUMA Support: Disabled
[2025-03-26T13:47:46.551+0000][18160][info][gc,init] Compressed Oops: Enabled (Zero based)
[2025-03-26T13:47:46.551+0000][18160][info][gc,init] Heap Region Size: 4M
[2025-03-26T13:47:46.551+0000][18160][info][gc,init] Heap Min Capacity: 7848M
[2025-03-26T13:47:46.576+0000][18160][info][gc,init] Heap Initial Capacity: 7848M
[2025-03-26T13:47:46.576+0000][18160][info][gc,init] Heap Max Capacity: 7848M
[2025-03-26T13:47:46.576+0000][18160][info][gc,init] Pre-touch: Enabled
[2025-03-26T13:47:46.576+0000][18160][info][gc,init] Parallel Workers: 10
[2025-03-26T13:47:46.576+0000][18160][info][gc,init] Concurrent Workers: 3
[2025-03-26T13:47:46.576+0000][18160][info][gc,init] Concurrent Refinement Workers: 10
[2025-03-26T13:47:46.576+0000][18160][info][gc,init] Periodic GC: Disabled
[2025-03-26T13:47:46.583+0000][18160][info][gc,metaspace] CDS archive(s) mapped at: [0x0000027482000000-0x0000027482d70000-0x0000027482d70000), size 14090240, SharedBaseAddress: 0x0000027482000000, ArchiveRelocationMode: 1.
[2025-03-26T13:47:46.583+0000][18160][info][gc,metaspace] Compressed class space mapped at: 0x0000027483000000-0x00000274c3000000, reserved size: 1073741824
[2025-03-26T13:47:46.583+0000][18160][info][gc,metaspace] Narrow klass base: 0x0000027482000000, Narrow klass shift: 0, Narrow klass range: 0x41000000
[2025-03-26T13:47:50.701+0000][18160][info][gc,start    ] GC(0) Pause Young (Concurrent Start) (Metadata GC Threshold)
[2025-03-26T13:47:50.701+0000][18160][info][gc,task     ] GC(0) Using 10 workers of 10 for evacuation
[2025-03-26T13:47:50.701+0000][18160][debug][gc,age      ] GC(0) Desired survivor size 27262976 bytes, new threshold 15 (max threshold 15)
[2025-03-26T13:47:50.715+0000][18160][info ][gc,phases   ] GC(0)   Pre Evacuate Collection Set: 0.36ms
[2025-03-26T13:47:50.715+0000][18160][info ][gc,phases   ] GC(0)   Merge Heap Roots: 0.12ms
[2025-03-26T13:47:50.715+0000][18160][info ][gc,phases   ] GC(0)   Evacuate Collection Set: 8.27ms
[2025-03-26T13:47:50.715+0000][18160][info ][gc,phases   ] GC(0)   Post Evacuate Collection Set: 1.66ms
[2025-03-26T13:47:50.715+0000][18160][info ][gc,phases   ] GC(0)   Other: 0.28ms
[2025-03-26T13:47:50.715+0000][18160][trace][gc,age      ] GC(0) Age table:
[2025-03-26T13:47:50.715+0000][18160][trace][gc,age      ] GC(0) - age   1:   15369296 bytes,   15369296 total
[2025-03-26T13:47:50.715+0000][18160][info ][gc,heap     ] GC(0) Eden regions: 65->0(94)
[2025-03-26T13:47:50.715+0000][18160][info ][gc,heap     ] GC(0) Survivor regions: 0->4(13)
[2025-03-26T13:47:50.715+0000][18160][info ][gc,heap     ] GC(0) Old regions: 0->0
[2025-03-26T13:47:50.715+0000][18160][info ][gc,heap     ] GC(0) Humongous regions: 0->0
[2025-03-26T13:47:50.715+0000][18160][info ][gc,metaspace] GC(0) Metaspace: 20721K(21504K)->20721K(21504K) NonClass: 18386K(18816K)->18386K(18816K) Class: 2335K(2688K)->2335K(2688K)
[2025-03-26T13:47:50.715+0000][18160][info ][gc          ] GC(0) Pause Young (Concurrent Start) (Metadata GC Threshold) 260M->15M(7848M) 11.019ms
[2025-03-26T13:47:50.715+0000][18160][info ][gc,cpu      ] GC(0) User=0.02s Sys=0.00s Real=0.01s
[2025-03-26T13:47:50.715+0000][18160][info ][gc          ] GC(1) Concurrent Mark Cycle
[2025-03-26T13:47:50.715+0000][18160][info ][gc,marking  ] GC(1) Concurrent Scan Root Regions
[2025-03-26T13:47:50.715+0000][18160][info ][safepoint   ] Safepoint "CollectForMetadataAllocation", Time since last: 4116974000 ns, Reaching safepoint: 8900 ns, At safepoint: 11126300 ns, Total: 11135200 ns
[2025-03-26T13:47:50.722+0000][18160][info ][gc,marking  ] GC(1) Concurrent Scan Root Regions 5.026ms
[2025-03-26T13:47:50.722+0000][18160][info ][gc,marking  ] GC(1) Concurrent Mark
[2025-03-26T13:47:50.722+0000][18160][info ][gc,marking  ] GC(1) Concurrent Mark From Roots
[2025-03-26T13:47:50.722+0000][18160][info ][gc,task     ] GC(1) Using 3 workers of 3 for marking
[2025-03-26T13:47:50.722+0000][18160][info ][gc,marking  ] GC(1) Concurrent Mark From Roots 0.511ms
[2025-03-26T13:47:50.722+0000][18160][info ][gc,marking  ] GC(1) Concurrent Preclean
[2025-03-26T13:47:50.722+0000][18160][info ][gc,marking  ] GC(1) Concurrent Preclean 0.014ms
[2025-03-26T13:47:50.722+0000][18160][info ][gc,start    ] GC(1) Pause Remark
[2025-03-26T13:47:50.730+0000][18160][info ][gc          ] GC(1) Pause Remark 19M->19M(7848M) 3.685ms
[2025-03-26T13:47:50.731+0000][18160][info ][gc,cpu      ] GC(1) User=0.02s Sys=0.00s Real=0.01s
[2025-03-26T13:47:50.731+0000][18160][info ][safepoint   ] Safepoint "G1PauseRemark", Time since last: 5781900 ns, Reaching safepoint: 46500 ns, At safepoint: 3800000 ns, Total: 3846500 ns
[2025-03-26T13:47:50.731+0000][18160][info ][gc,marking  ] GC(1) Concurrent Mark 4.512ms
[2025-03-26T13:47:50.731+0000][18160][info ][gc,marking  ] GC(1) Concurrent Rebuild Remembered Sets and Scrub Regions
[2025-03-26T13:47:50.731+0000][18160][info ][gc,marking  ] GC(1) Concurrent Rebuild Remembered Sets and Scrub Regions 0.133ms
[2025-03-26T13:47:50.731+0000][18160][info ][gc,start    ] GC(1) Pause Cleanup
[2025-03-26T13:47:50.731+0000][18160][info ][gc          ] GC(1) Pause Cleanup 19M->19M(7848M) 0.038ms
[2025-03-26T13:47:50.731+0000][18160][info ][gc,cpu      ] GC(1) User=0.00s Sys=0.00s Real=0.00s
[2025-03-26T13:47:50.731+0000][18160][info ][safepoint   ] Safepoint "G1PauseCleanup", Time since last: 216000 ns, Reaching safepoint: 56100 ns, At safepoint: 90500 ns, Total: 146600 ns
[2025-03-26T13:47:50.731+0000][18160][info ][gc,marking  ] GC(1) Concurrent Clear Claimed Marks
[2025-03-26T13:47:50.731+0000][18160][info ][gc,marking  ] GC(1) Concurrent Clear Claimed Marks 0.049ms
[2025-03-26T13:47:50.731+0000][18160][info ][gc,marking  ] GC(1) Concurrent Cleanup for Next Mark
[2025-03-26T13:47:50.738+0000][18160][info ][gc,marking  ] GC(1) Concurrent Cleanup for Next Mark 11.836ms
[2025-03-26T13:47:50.738+0000][18160][info ][gc          ] GC(1) Concurrent Mark Cycle 22.106ms
[2025-03-26T13:47:52.033+0000][18160][info ][gc,start    ] GC(2) Pause Young (Normal) (G1 Evacuation Pause)
[2025-03-26T13:47:52.033+0000][18160][info ][gc,task     ] GC(2) Using 10 workers of 10 for evacuation
[2025-03-26T13:47:52.033+0000][18160][debug][gc,age      ] GC(2) Desired survivor size 27262976 bytes, new threshold 15 (max threshold 15)
[2025-03-26T13:47:52.045+0000][18160][info ][gc,phases   ] GC(2)   Pre Evacuate Collection Set: 0.32ms
[2025-03-26T13:47:52.045+0000][18160][info ][gc,phases   ] GC(2)   Merge Heap Roots: 0.10ms
[2025-03-26T13:47:52.045+0000][18160][info ][gc,phases   ] GC(2)   Evacuate Collection Set: 9.85ms
[2025-03-26T13:47:52.045+0000][18160][info ][gc,phases   ] GC(2)   Post Evacuate Collection Set: 1.58ms
[2025-03-26T13:47:52.045+0000][18160][info ][gc,phases   ] GC(2)   Other: 0.15ms
[2025-03-26T13:47:52.045+0000][18160][trace][gc,age      ] GC(2) Age table:
[2025-03-26T13:47:52.045+0000][18160][trace][gc,age      ] GC(2) - age   1:    6727128 bytes,    6727128 total
[2025-03-26T13:47:52.045+0000][18160][trace][gc,age      ] GC(2) - age   2:   14420480 bytes,   21147608 total
[2025-03-26T13:47:52.045+0000][18160][info ][gc,heap     ] GC(2) Eden regions: 94->0(92)
[2025-03-26T13:47:52.045+0000][18160][info ][gc,heap     ] GC(2) Survivor regions: 4->6(13)
[2025-03-26T13:47:52.045+0000][18160][info ][gc,heap     ] GC(2) Old regions: 0->0
[2025-03-26T13:47:52.045+0000][18160][info ][gc,heap     ] GC(2) Humongous regions: 0->0
[2025-03-26T13:47:52.045+0000][18160][info ][gc,metaspace] GC(2) Metaspace: 28904K(29888K)->28904K(29888K) NonClass: 25627K(26176K)->25627K(26176K) Class: 3276K(3712K)->3276K(3712K)
[2025-03-26T13:47:52.045+0000][18160][info ][gc          ] GC(2) Pause Young (Normal) (G1 Evacuation Pause) 391M->22M(7848M) 12.377ms
[2025-03-26T13:47:52.045+0000][18160][info ][gc,cpu      ] GC(2) User=0.03s Sys=0.00s Real=0.01s
[2025-03-26T13:47:52.045+0000][18160][info ][safepoint   ] Safepoint "G1CollectForAllocation", Time since last: 1302658400 ns, Reaching safepoint: 7000 ns, At safepoint: 12449200 ns, Total: 12456200 ns
[2025-03-26T13:47:52.573+0000][18160][info ][gc,start    ] GC(3) Pause Young (Normal) (G1 Evacuation Pause)
[2025-03-26T13:47:52.573+0000][18160][info ][gc,task     ] GC(3) Using 10 workers of 10 for evacuation
[2025-03-26T13:47:52.573+0000][18160][debug][gc,age      ] GC(3) Desired survivor size 27262976 bytes, new threshold 15 (max threshold 15)
[2025-03-26T13:47:52.591+0000][18160][info ][gc,phases   ] GC(3)   Pre Evacuate Collection Set: 0.53ms
[2025-03-26T13:47:52.591+0000][18160][info ][gc,phases   ] GC(3)   Merge Heap Roots: 0.12ms
[2025-03-26T13:47:52.591+0000][18160][info ][gc,phases   ] GC(3)   Evacuate Collection Set: 10.21ms
[2025-03-26T13:47:52.591+0000][18160][info ][gc,phases   ] GC(3)   Post Evacuate Collection Set: 1.59ms
[2025-03-26T13:47:52.591+0000][18160][info ][gc,phases   ] GC(3)   Other: 0.10ms
[2025-03-26T13:47:52.591+0000][18160][trace][gc,age      ] GC(3) Age table:
[2025-03-26T13:47:52.591+0000][18160][trace][gc,age      ] GC(3) - age   1:    4962440 bytes,    4962440 total
[2025-03-26T13:47:52.591+0000][18160][trace][gc,age      ] GC(3) - age   2:    5998744 bytes,   10961184 total
[2025-03-26T13:47:52.591+0000][18160][trace][gc,age      ] GC(3) - age   3:   14420224 bytes,   25381408 total
[2025-03-26T13:47:52.591+0000][18160][info ][gc,heap     ] GC(3) Eden regions: 92->0(91)
[2025-03-26T13:47:52.591+0000][18160][info ][gc,heap     ] GC(3) Survivor regions: 6->7(13)
[2025-03-26T13:47:52.591+0000][18160][info ][gc,heap     ] GC(3) Old regions: 0->0
[2025-03-26T13:47:52.591+0000][18160][info ][gc,heap     ] GC(3) Humongous regions: 0->0
[2025-03-26T13:47:52.591+0000][18160][info ][gc,metaspace] GC(3) Metaspace: 30057K(31104K)->30057K(31104K) NonClass: 26618K(27200K)->26618K(27200K) Class: 3439K(3904K)->3439K(3904K)
[2025-03-26T13:47:52.591+0000][18160][info ][gc          ] GC(3) Pause Young (Normal) (G1 Evacuation Pause) 390M->27M(7848M) 12.790ms
[2025-03-26T13:47:52.591+0000][18160][info ][gc,cpu      ] GC(3) User=0.08s Sys=0.00s Real=0.02s
[2025-03-26T13:47:52.591+0000][18160][info ][safepoint   ] Safepoint "G1CollectForAllocation", Time since last: 532763400 ns, Reaching safepoint: 3900 ns, At safepoint: 12842200 ns, Total: 12846100 ns
[2025-03-26T13:47:53.303+0000][18160][info ][gc,start    ] GC(4) Pause Young (Concurrent Start) (Metadata GC Threshold)
[2025-03-26T13:47:53.303+0000][18160][info ][gc,task     ] GC(4) Using 10 workers of 10 for evacuation
[2025-03-26T13:47:53.303+0000][18160][debug][gc,age      ] GC(4) Desired survivor size 27262976 bytes, new threshold 15 (max threshold 15)
[2025-03-26T13:47:53.316+0000][18160][info ][gc,phases   ] GC(4)   Pre Evacuate Collection Set: 0.45ms
[2025-03-26T13:47:53.316+0000][18160][info ][gc,phases   ] GC(4)   Merge Heap Roots: 0.11ms
[2025-03-26T13:47:53.316+0000][18160][info ][gc,phases   ] GC(4)   Evacuate Collection Set: 10.13ms
[2025-03-26T13:47:53.316+0000][18160][info ][gc,phases   ] GC(4)   Post Evacuate Collection Set: 1.44ms
[2025-03-26T13:47:53.316+0000][18160][info ][gc,phases   ] GC(4)   Other: 0.19ms
[2025-03-26T13:47:53.316+0000][18160][trace][gc,age      ] GC(4) Age table:
[2025-03-26T13:47:53.316+0000][18160][trace][gc,age      ] GC(4) - age   1:    4460008 bytes,    4460008 total
[2025-03-26T13:47:53.316+0000][18160][trace][gc,age      ] GC(4) - age   2:    4526576 bytes,    8986584 total
[2025-03-26T13:47:53.316+0000][18160][trace][gc,age      ] GC(4) - age   3:    5993656 bytes,   14980240 total
[2025-03-26T13:47:53.316+0000][18160][trace][gc,age      ] GC(4) - age   4:   14419552 bytes,   29399792 total
[2025-03-26T13:47:53.316+0000][18160][info ][gc,heap     ] GC(4) Eden regions: 89->0(90)
[2025-03-26T13:47:53.316+0000][18160][info ][gc,heap     ] GC(4) Survivor regions: 7->8(13)
[2025-03-26T13:47:53.316+0000][18160][info ][gc,heap     ] GC(4) Old regions: 0->0
[2025-03-26T13:47:53.316+0000][18160][info ][gc,heap     ] GC(4) Humongous regions: 0->0
[2025-03-26T13:47:53.316+0000][18160][info ][gc,metaspace] GC(4) Metaspace: 34928K(35968K)->34928K(35968K) NonClass: 30968K(31552K)->30968K(31552K) Class: 3960K(4416K)->3960K(4416K)
[2025-03-26T13:47:53.316+0000][18160][info ][gc          ] GC(4) Pause Young (Concurrent Start) (Metadata GC Threshold) 383M->30M(7848M) 12.612ms
[2025-03-26T13:47:53.316+0000][18160][info ][gc,cpu      ] GC(4) User=0.02s Sys=0.00s Real=0.01s
[2025-03-26T13:47:53.316+0000][18160][info ][gc          ] GC(5) Concurrent Mark Cycle
[2025-03-26T13:47:53.316+0000][18160][info ][gc,marking  ] GC(5) Concurrent Scan Root Regions
[2025-03-26T13:47:53.316+0000][18160][info ][safepoint   ] Safepoint "CollectForMetadataAllocation", Time since last: 711903800 ns, Reaching safepoint: 5400 ns, At safepoint: 12710800 ns, Total: 12716200 ns
[2025-03-26T13:47:53.319+0000][18160][info ][gc,marking  ] GC(5) Concurrent Scan Root Regions 4.103ms
[2025-03-26T13:47:53.319+0000][18160][info ][gc,marking  ] GC(5) Concurrent Mark
[2025-03-26T13:47:53.319+0000][18160][info ][gc,marking  ] GC(5) Concurrent Mark From Roots
[2025-03-26T13:47:53.319+0000][18160][info ][gc,task     ] GC(5) Using 3 workers of 3 for marking
[2025-03-26T13:47:53.319+0000][18160][info ][gc,marking  ] GC(5) Concurrent Mark From Roots 0.363ms
[2025-03-26T13:47:53.319+0000][18160][info ][gc,marking  ] GC(5) Concurrent Preclean
[2025-03-26T13:47:53.319+0000][18160][info ][gc,marking  ] GC(5) Concurrent Preclean 0.018ms
[2025-03-26T13:47:53.319+0000][18160][info ][gc,start    ] GC(5) Pause Remark
[2025-03-26T13:47:53.323+0000][18160][info ][gc          ] GC(5) Pause Remark 33M->33M(7848M) 3.601ms
[2025-03-26T13:47:53.323+0000][18160][info ][gc,cpu      ] GC(5) User=0.00s Sys=0.00s Real=0.00s
[2025-03-26T13:47:53.323+0000][18160][info ][safepoint   ] Safepoint "G1PauseRemark", Time since last: 4643200 ns, Reaching safepoint: 26800 ns, At safepoint: 3694100 ns, Total: 3720900 ns
[2025-03-26T13:47:53.323+0000][18160][info ][gc,marking  ] GC(5) Concurrent Mark 4.249ms
[2025-03-26T13:47:53.323+0000][18160][info ][gc,marking  ] GC(5) Concurrent Rebuild Remembered Sets and Scrub Regions
[2025-03-26T13:47:53.325+0000][18160][info ][gc,marking  ] GC(5) Concurrent Rebuild Remembered Sets and Scrub Regions 0.099ms
[2025-03-26T13:47:53.325+0000][18160][info ][gc,start    ] GC(5) Pause Cleanup
[2025-03-26T13:47:53.325+0000][18160][info ][gc          ] GC(5) Pause Cleanup 33M->33M(7848M) 0.053ms
[2025-03-26T13:47:53.325+0000][18160][info ][gc,cpu      ] GC(5) User=0.00s Sys=0.00s Real=0.00s
[2025-03-26T13:47:53.325+0000][18160][info ][safepoint   ] Safepoint "G1PauseCleanup", Time since last: 224700 ns, Reaching safepoint: 3000 ns, At safepoint: 92300 ns, Total: 95300 ns
[2025-03-26T13:47:53.325+0000][18160][info ][gc,marking  ] GC(5) Concurrent Clear Claimed Marks
[2025-03-26T13:47:53.325+0000][18160][info ][gc,marking  ] GC(5) Concurrent Clear Claimed Marks 0.034ms
[2025-03-26T13:47:53.325+0000][18160][info ][gc,marking  ] GC(5) Concurrent Cleanup for Next Mark
[2025-03-26T13:47:53.337+0000][18160][info ][gc,marking  ] GC(5) Concurrent Cleanup for Next Mark 11.472ms
[2025-03-26T13:47:53.337+0000][18160][info ][gc          ] GC(5) Concurrent Mark Cycle 20.381ms
[2025-03-26T13:47:53.887+0000][18160][info ][gc,start    ] GC(6) Pause Young (Normal) (G1 Evacuation Pause)
[2025-03-26T13:47:53.887+0000][18160][info ][gc,task     ] GC(6) Using 10 workers of 10 for evacuation
[2025-03-26T13:47:53.887+0000][18160][debug][gc,age      ] GC(6) Desired survivor size 27262976 bytes, new threshold 4 (max threshold 15)
[2025-03-26T13:47:53.916+0000][18160][info ][gc,phases   ] GC(6)   Pre Evacuate Collection Set: 0.30ms
[2025-03-26T13:47:53.916+0000][18160][info ][gc,phases   ] GC(6)   Merge Heap Roots: 0.08ms
[2025-03-26T13:47:53.916+0000][18160][info ][gc,phases   ] GC(6)   Evacuate Collection Set: 14.40ms
[2025-03-26T13:47:53.916+0000][18160][info ][gc,phases   ] GC(6)   Post Evacuate Collection Set: 1.81ms
[2025-03-26T13:47:53.916+0000][18160][info ][gc,phases   ] GC(6)   Other: 0.11ms
[2025-03-26T13:47:53.916+0000][18160][trace][gc,age      ] GC(6) Age table:
[2025-03-26T13:47:53.916+0000][18160][trace][gc,age      ] GC(6) - age   1:    5809216 bytes,    5809216 total
[2025-03-26T13:47:53.916+0000][18160][trace][gc,age      ] GC(6) - age   2:    4440024 bytes,   10249240 total
[2025-03-26T13:47:53.916+0000][18160][trace][gc,age      ] GC(6) - age   3:    4523856 bytes,   14773096 total
[2025-03-26T13:47:53.916+0000][18160][trace][gc,age      ] GC(6) - age   4:    5992576 bytes,   20765672 total
[2025-03-26T13:47:53.916+0000][18160][info ][gc,heap     ] GC(6) Eden regions: 90->0(92)
[2025-03-26T13:47:53.916+0000][18160][info ][gc,heap     ] GC(6) Survivor regions: 8->6(13)
[2025-03-26T13:47:53.916+0000][18160][info ][gc,heap     ] GC(6) Old regions: 0->4
[2025-03-26T13:47:53.916+0000][18160][info ][gc,heap     ] GC(6) Humongous regions: 0->0
[2025-03-26T13:47:53.916+0000][18160][info ][gc,metaspace] GC(6) Metaspace: 37229K(38336K)->37229K(38336K) NonClass: 32912K(33536K)->32912K(33536K) Class: 4316K(4800K)->4316K(4800K)
[2025-03-26T13:47:53.916+0000][18160][info ][gc          ] GC(6) Pause Young (Normal) (G1 Evacuation Pause) 390M->37M(7848M) 17.054ms
[2025-03-26T13:47:53.916+0000][18160][info ][gc,cpu      ] GC(6) User=0.02s Sys=0.00s Real=0.03s
[2025-03-26T13:47:53.916+0000][18160][info ][safepoint   ] Safepoint "G1CollectForAllocation", Time since last: 574241000 ns, Reaching safepoint: 6800 ns, At safepoint: 17118700 ns, Total: 17125500 ns
[2025-03-26T13:47:54.545+0000][18160][info ][gc,start    ] GC(7) Pause Young (Normal) (G1 Evacuation Pause)
[2025-03-26T13:47:54.545+0000][18160][info ][gc,task     ] GC(7) Using 10 workers of 10 for evacuation
[2025-03-26T13:47:54.545+0000][18160][debug][gc,age      ] GC(7) Desired survivor size 27262976 bytes, new threshold 15 (max threshold 15)
[2025-03-26T13:47:54.554+0000][18160][info ][gc,phases   ] GC(7)   Pre Evacuate Collection Set: 0.31ms
[2025-03-26T13:47:54.554+0000][18160][info ][gc,phases   ] GC(7)   Merge Heap Roots: 0.09ms
[2025-03-26T13:47:54.554+0000][18160][info ][gc,phases   ] GC(7)   Evacuate Collection Set: 7.14ms
[2025-03-26T13:47:54.554+0000][18160][info ][gc,phases   ] GC(7)   Post Evacuate Collection Set: 0.89ms
[2025-03-26T13:47:54.554+0000][18160][info ][gc,phases   ] GC(7)   Other: 0.13ms
[2025-03-26T13:47:54.554+0000][18160][trace][gc,age      ] GC(7) Age table:
[2025-03-26T13:47:54.554+0000][18160][trace][gc,age      ] GC(7) - age   1:    5931840 bytes,    5931840 total
[2025-03-26T13:47:54.554+0000][18160][trace][gc,age      ] GC(7) - age   2:    5785992 bytes,   11717832 total
[2025-03-26T13:47:54.554+0000][18160][trace][gc,age      ] GC(7) - age   3:    4437896 bytes,   16155728 total
[2025-03-26T13:47:54.554+0000][18160][trace][gc,age      ] GC(7) - age   4:    4523136 bytes,   20678864 total
[2025-03-26T13:47:54.554+0000][18160][trace][gc,age      ] GC(7) - age   5:    5989808 bytes,   26668672 total
[2025-03-26T13:47:54.554+0000][18160][info ][gc,heap     ] GC(7) Eden regions: 92->0(90)
[2025-03-26T13:47:54.554+0000][18160][info ][gc,heap     ] GC(7) Survivor regions: 6->8(13)
[2025-03-26T13:47:54.554+0000][18160][info ][gc,heap     ] GC(7) Old regions: 4->4
[2025-03-26T13:47:54.554+0000][18160][info ][gc,heap     ] GC(7) Humongous regions: 0->0
[2025-03-26T13:47:54.554+0000][18160][info ][gc,metaspace] GC(7) Metaspace: 39007K(40192K)->39007K(40192K) NonClass: 34475K(35200K)->34475K(35200K) Class: 4531K(4992K)->4531K(4992K)
[2025-03-26T13:47:54.554+0000][18160][info ][gc          ] GC(7) Pause Young (Normal) (G1 Evacuation Pause) 405M->43M(7848M) 8.861ms
[2025-03-26T13:47:54.554+0000][18160][info ][gc,cpu      ] GC(7) User=0.00s Sys=0.00s Real=0.01s
[2025-03-26T13:47:54.554+0000][18160][info ][safepoint   ] Safepoint "G1CollectForAllocation", Time since last: 629454300 ns, Reaching safepoint: 7500 ns, At safepoint: 8922700 ns, Total: 8930200 ns
[2025-03-26T13:47:55.010+0000][18160][info ][gc,start    ] GC(8) Pause Young (Normal) (G1 Evacuation Pause)
[2025-03-26T13:47:55.010+0000][18160][info ][gc,task     ] GC(8) Using 10 workers of 10 for evacuation
[2025-03-26T13:47:55.010+0000][18160][debug][gc,age      ] GC(8) Desired survivor size 27262976 bytes, new threshold 15 (max threshold 15)
[2025-03-26T13:47:55.020+0000][18160][info ][gc,phases   ] GC(8)   Pre Evacuate Collection Set: 0.28ms
[2025-03-26T13:47:55.020+0000][18160][info ][gc,phases   ] GC(8)   Merge Heap Roots: 0.09ms
[2025-03-26T13:47:55.020+0000][18160][info ][gc,phases   ] GC(8)   Evacuate Collection Set: 8.74ms
[2025-03-26T13:47:55.020+0000][18160][info ][gc,phases   ] GC(8)   Post Evacuate Collection Set: 0.96ms
[2025-03-26T13:47:55.020+0000][18160][info ][gc,phases   ] GC(8)   Other: 0.13ms
[2025-03-26T13:47:55.020+0000][18160][trace][gc,age      ] GC(8) Age table:
[2025-03-26T13:47:55.020+0000][18160][trace][gc,age      ] GC(8) - age   1:    3330008 bytes,    3330008 total
[2025-03-26T13:47:55.020+0000][18160][trace][gc,age      ] GC(8) - age   2:    4470792 bytes,    7800800 total
[2025-03-26T13:47:55.020+0000][18160][trace][gc,age      ] GC(8) - age   3:    5785632 bytes,   13586432 total
[2025-03-26T13:47:55.020+0000][18160][trace][gc,age      ] GC(8) - age   4:    4437864 bytes,   18024296 total
[2025-03-26T13:47:55.020+0000][18160][trace][gc,age      ] GC(8) - age   5:    4522672 bytes,   22546968 total
[2025-03-26T13:47:55.020+0000][18160][trace][gc,age      ] GC(8) - age   6:    5987152 bytes,   28534120 total
[2025-03-26T13:47:55.020+0000][18160][info ][gc,heap     ] GC(8) Eden regions: 90->0(125)
[2025-03-26T13:47:55.020+0000][18160][info ][gc,heap     ] GC(8) Survivor regions: 8->8(13)
[2025-03-26T13:47:55.020+0000][18160][info ][gc,heap     ] GC(8) Old regions: 4->4
[2025-03-26T13:47:55.020+0000][18160][info ][gc,heap     ] GC(8) Humongous regions: 0->0
[2025-03-26T13:47:55.020+0000][18160][info ][gc,metaspace] GC(8) Metaspace: 39256K(40512K)->39256K(40512K) NonClass: 34685K(35456K)->34685K(35456K) Class: 4571K(5056K)->4571K(5056K)
[2025-03-26T13:47:55.020+0000][18160][info ][gc          ] GC(8) Pause Young (Normal) (G1 Evacuation Pause) 403M->46M(7848M) 10.541ms
[2025-03-26T13:47:55.020+0000][18160][info ][gc,cpu      ] GC(8) User=0.02s Sys=0.00s Real=0.01s
[2025-03-26T13:47:55.020+0000][18160][info ][safepoint   ] Safepoint "G1CollectForAllocation", Time since last: 456162000 ns, Reaching safepoint: 4200 ns, At safepoint: 10606300 ns, Total: 10610500 ns
[2025-03-26T13:47:58.379+0000][18160][info ][gc,start    ] GC(9) Pause Young (Concurrent Start) (Metadata GC Threshold)
[2025-03-26T13:47:58.379+0000][18160][info ][gc,task     ] GC(9) Using 10 workers of 10 for evacuation
[2025-03-26T13:47:58.379+0000][18160][debug][gc,age      ] GC(9) Desired survivor size 35651584 bytes, new threshold 15 (max threshold 15)
[2025-03-26T13:47:58.401+0000][18160][info ][gc,phases   ] GC(9)   Pre Evacuate Collection Set: 0.33ms
[2025-03-26T13:47:58.401+0000][18160][info ][gc,phases   ] GC(9)   Merge Heap Roots: 0.09ms
[2025-03-26T13:47:58.401+0000][18160][info ][gc,phases   ] GC(9)   Evacuate Collection Set: 13.82ms
[2025-03-26T13:47:58.401+0000][18160][info ][gc,phases   ] GC(9)   Post Evacuate Collection Set: 1.21ms
[2025-03-26T13:47:58.401+0000][18160][info ][gc,phases   ] GC(9)   Other: 0.12ms
[2025-03-26T13:47:58.401+0000][18160][trace][gc,age      ] GC(9) Age table:
[2025-03-26T13:47:58.401+0000][18160][trace][gc,age      ] GC(9) - age   1:    6913688 bytes,    6913688 total
[2025-03-26T13:47:58.401+0000][18160][trace][gc,age      ] GC(9) - age   2:    3308416 bytes,   10222104 total
[2025-03-26T13:47:58.401+0000][18160][trace][gc,age      ] GC(9) - age   3:    4430968 bytes,   14653072 total
[2025-03-26T13:47:58.401+0000][18160][trace][gc,age      ] GC(9) - age   4:    5761064 bytes,   20414136 total
[2025-03-26T13:47:58.401+0000][18160][trace][gc,age      ] GC(9) - age   5:    4415192 bytes,   24829328 total
[2025-03-26T13:47:58.401+0000][18160][trace][gc,age      ] GC(9) - age   6:    4506368 bytes,   29335696 total
[2025-03-26T13:47:58.401+0000][18160][trace][gc,age      ] GC(9) - age   7:    5788672 bytes,   35124368 total
[2025-03-26T13:47:58.401+0000][18160][info ][gc,heap     ] GC(9) Eden regions: 94->0(183)
[2025-03-26T13:47:58.401+0000][18160][info ][gc,heap     ] GC(9) Survivor regions: 8->10(17)
[2025-03-26T13:47:58.401+0000][18160][info ][gc,heap     ] GC(9) Old regions: 4->4
[2025-03-26T13:47:58.401+0000][18160][info ][gc,heap     ] GC(9) Humongous regions: 0->0
[2025-03-26T13:47:58.401+0000][18160][info ][gc,metaspace] GC(9) Metaspace: 58710K(60288K)->58710K(60288K) NonClass: 51399K(52352K)->51399K(52352K) Class: 7311K(7936K)->7311K(7936K)
[2025-03-26T13:47:58.401+0000][18160][info ][gc          ] GC(9) Pause Young (Concurrent Start) (Metadata GC Threshold) 422M->53M(7848M) 16.035ms
[2025-03-26T13:47:58.401+0000][18160][info ][gc,cpu      ] GC(9) User=0.03s Sys=0.00s Real=0.02s
[2025-03-26T13:47:58.401+0000][18160][info ][gc          ] GC(10) Concurrent Mark Cycle
[2025-03-26T13:47:58.401+0000][18160][info ][gc,marking  ] GC(10) Concurrent Scan Root Regions
[2025-03-26T13:47:58.401+0000][18160][info ][safepoint   ] Safepoint "CollectForMetadataAllocation", Time since last: 3363691800 ns, Reaching safepoint: 4300 ns, At safepoint: 16196200 ns, Total: 16200500 ns
[2025-03-26T13:47:58.402+0000][18160][info ][gc,marking  ] GC(10) Concurrent Scan Root Regions 4.911ms
[2025-03-26T13:47:58.402+0000][18160][info ][gc,marking  ] GC(10) Concurrent Mark
[2025-03-26T13:47:58.402+0000][18160][info ][gc,marking  ] GC(10) Concurrent Mark From Roots
[2025-03-26T13:47:58.402+0000][18160][info ][gc,task     ] GC(10) Using 3 workers of 3 for marking
[2025-03-26T13:47:58.410+0000][18160][info ][gc,marking  ] GC(10) Concurrent Mark From Roots 10.188ms
[2025-03-26T13:47:58.410+0000][18160][info ][gc,marking  ] GC(10) Concurrent Preclean
[2025-03-26T13:47:58.410+0000][18160][info ][gc,marking  ] GC(10) Concurrent Preclean 0.083ms
[2025-03-26T13:47:58.410+0000][18160][info ][gc,start    ] GC(10) Pause Remark
[2025-03-26T13:47:58.418+0000][18160][info ][gc          ] GC(10) Pause Remark 55M->55M(7848M) 4.728ms
[2025-03-26T13:47:58.418+0000][18160][info ][gc,cpu      ] GC(10) User=0.02s Sys=0.00s Real=0.01s
[2025-03-26T13:47:58.422+0000][18160][info ][safepoint   ] Safepoint "G1PauseRemark", Time since last: 15282400 ns, Reaching safepoint: 117600 ns, At safepoint: 4823500 ns, Total: 4941100 ns
[2025-03-26T13:47:58.422+0000][18160][info ][gc,marking  ] GC(10) Concurrent Mark 15.332ms
[2025-03-26T13:47:58.422+0000][18160][info ][gc,marking  ] GC(10) Concurrent Rebuild Remembered Sets and Scrub Regions
[2025-03-26T13:47:58.423+0000][18160][info ][gc,marking  ] GC(10) Concurrent Rebuild Remembered Sets and Scrub Regions 3.497ms
[2025-03-26T13:47:58.423+0000][18160][info ][gc,start    ] GC(10) Pause Cleanup
[2025-03-26T13:47:58.423+0000][18160][info ][gc          ] GC(10) Pause Cleanup 55M->55M(7848M) 0.077ms
[2025-03-26T13:47:58.423+0000][18160][info ][gc,cpu      ] GC(10) User=0.00s Sys=0.00s Real=0.00s
[2025-03-26T13:47:58.423+0000][18160][info ][safepoint   ] Safepoint "G1PauseCleanup", Time since last: 3636500 ns, Reaching safepoint: 5000 ns, At safepoint: 122000 ns, Total: 127000 ns
[2025-03-26T13:47:58.423+0000][18160][info ][gc,marking  ] GC(10) Concurrent Clear Claimed Marks
[2025-03-26T13:47:58.423+0000][18160][info ][gc,marking  ] GC(10) Concurrent Clear Claimed Marks 0.085ms
[2025-03-26T13:47:58.423+0000][18160][info ][gc,marking  ] GC(10) Concurrent Cleanup for Next Mark
[2025-03-26T13:47:58.428+0000][18160][info ][gc,marking  ] GC(10) Concurrent Cleanup for Next Mark 11.733ms
[2025-03-26T13:47:58.428+0000][18160][info ][gc          ] GC(10) Concurrent Mark Cycle 36.059ms
[2025-03-26T13:48:03.655+0000][18160][info ][gc,start    ] GC(11) Pause Young (Normal) (G1 Evacuation Pause)
[2025-03-26T13:48:03.655+0000][18160][info ][gc,task     ] GC(11) Using 10 workers of 10 for evacuation
[2025-03-26T13:48:03.655+0000][18160][debug][gc,age      ] GC(11) Desired survivor size 52428800 bytes, new threshold 15 (max threshold 15)
[2025-03-26T13:48:03.681+0000][18160][info ][gc,phases   ] GC(11)   Pre Evacuate Collection Set: 0.35ms
[2025-03-26T13:48:03.681+0000][18160][info ][gc,phases   ] GC(11)   Merge Heap Roots: 0.13ms
[2025-03-26T13:48:03.681+0000][18160][info ][gc,phases   ] GC(11)   Evacuate Collection Set: 18.92ms
[2025-03-26T13:48:03.681+0000][18160][info ][gc,phases   ] GC(11)   Post Evacuate Collection Set: 2.08ms
[2025-03-26T13:48:03.681+0000][18160][info ][gc,phases   ] GC(11)   Other: 0.16ms
[2025-03-26T13:48:03.681+0000][18160][trace][gc,age      ] GC(11) Age table:
[2025-03-26T13:48:03.681+0000][18160][trace][gc,age      ] GC(11) - age   1:   11643296 bytes,   11643296 total
[2025-03-26T13:48:03.681+0000][18160][trace][gc,age      ] GC(11) - age   2:    6457872 bytes,   18101168 total
[2025-03-26T13:48:03.681+0000][18160][trace][gc,age      ] GC(11) - age   3:    3266368 bytes,   21367536 total
[2025-03-26T13:48:03.681+0000][18160][trace][gc,age      ] GC(11) - age   4:    4427264 bytes,   25794800 total
[2025-03-26T13:48:03.681+0000][18160][trace][gc,age      ] GC(11) - age   5:    5751872 bytes,   31546672 total
[2025-03-26T13:48:03.681+0000][18160][trace][gc,age      ] GC(11) - age   6:    4403144 bytes,   35949816 total
[2025-03-26T13:48:03.681+0000][18160][trace][gc,age      ] GC(11) - age   7:    4497000 bytes,   40446816 total
[2025-03-26T13:48:03.681+0000][18160][trace][gc,age      ] GC(11) - age   8:    5759552 bytes,   46206368 total
[2025-03-26T13:48:03.681+0000][18160][info ][gc,heap     ] GC(11) Eden regions: 183->0(122)
[2025-03-26T13:48:03.681+0000][18160][info ][gc,heap     ] GC(11) Survivor regions: 10->13(25)
[2025-03-26T13:48:03.681+0000][18160][info ][gc,heap     ] GC(11) Old regions: 4->4
[2025-03-26T13:48:03.681+0000][18160][info ][gc,heap     ] GC(11) Humongous regions: 0->0
[2025-03-26T13:48:03.681+0000][18160][info ][gc,metaspace] GC(11) Metaspace: 76982K(78848K)->76982K(78848K) NonClass: 66575K(67712K)->66575K(67712K) Class: 10407K(11136K)->10407K(11136K)
[2025-03-26T13:48:03.681+0000][18160][info ][gc          ] GC(11) Pause Young (Normal) (G1 Evacuation Pause) 785M->64M(7848M) 21.963ms
[2025-03-26T13:48:03.681+0000][18160][info ][gc,cpu      ] GC(11) User=0.08s Sys=0.00s Real=0.03s
[2025-03-26T13:48:03.681+0000][18160][info ][safepoint   ] Safepoint "G1CollectForAllocation", Time since last: 5235341900 ns, Reaching safepoint: 6300 ns, At safepoint: 22031100 ns, Total: 22037400 ns
[2025-03-26T13:48:07.279+0000][18160][info ][gc,start    ] GC(12) Pause Young (Concurrent Start) (Metadata GC Threshold)
[2025-03-26T13:48:07.279+0000][18160][info ][gc,task     ] GC(12) Using 10 workers of 10 for evacuation
[2025-03-26T13:48:07.279+0000][18160][debug][gc,age      ] GC(12) Desired survivor size 35651584 bytes, new threshold 6 (max threshold 15)
[2025-03-26T13:48:07.320+0000][18160][info ][gc,phases   ] GC(12)   Pre Evacuate Collection Set: 0.40ms
[2025-03-26T13:48:07.320+0000][18160][info ][gc,phases   ] GC(12)   Merge Heap Roots: 0.11ms
[2025-03-26T13:48:07.320+0000][18160][info ][gc,phases   ] GC(12)   Evacuate Collection Set: 32.81ms
[2025-03-26T13:48:07.320+0000][18160][info ][gc,phases   ] GC(12)   Post Evacuate Collection Set: 2.38ms
[2025-03-26T13:48:07.320+0000][18160][info ][gc,phases   ] GC(12)   Other: 0.16ms
[2025-03-26T13:48:07.320+0000][18160][trace][gc,age      ] GC(12) Age table:
[2025-03-26T13:48:07.320+0000][18160][trace][gc,age      ] GC(12) - age   1:    9990744 bytes,    9990744 total
[2025-03-26T13:48:07.320+0000][18160][trace][gc,age      ] GC(12) - age   2:   11199680 bytes,   21190424 total
[2025-03-26T13:48:07.320+0000][18160][trace][gc,age      ] GC(12) - age   3:    6321504 bytes,   27511928 total
[2025-03-26T13:48:07.320+0000][18160][trace][gc,age      ] GC(12) - age   4:    3260640 bytes,   30772568 total
[2025-03-26T13:48:07.320+0000][18160][trace][gc,age      ] GC(12) - age   5:    4419472 bytes,   35192040 total
[2025-03-26T13:48:07.320+0000][18160][trace][gc,age      ] GC(12) - age   6:    5734920 bytes,   40926960 total
[2025-03-26T13:48:07.320+0000][18160][info ][gc,heap     ] GC(12) Eden regions: 65->0(167)
[2025-03-26T13:48:07.320+0000][18160][info ][gc,heap     ] GC(12) Survivor regions: 13->12(17)
[2025-03-26T13:48:07.320+0000][18160][info ][gc,heap     ] GC(12) Old regions: 4->8
[2025-03-26T13:48:07.320+0000][18160][info ][gc,heap     ] GC(12) Humongous regions: 0->0
[2025-03-26T13:48:07.320+0000][18160][info ][gc,metaspace] GC(12) Metaspace: 98661K(100736K)->98661K(100736K) NonClass: 85176K(86400K)->85176K(86400K) Class: 13485K(14336K)->13485K(14336K)
[2025-03-26T13:48:07.320+0000][18160][info ][gc          ] GC(12) Pause Young (Concurrent Start) (Metadata GC Threshold) 324M->74M(7848M) 36.199ms
[2025-03-26T13:48:07.320+0000][18160][info ][gc,cpu      ] GC(12) User=0.12s Sys=0.00s Real=0.04s
[2025-03-26T13:48:07.320+0000][18160][info ][gc          ] GC(13) Concurrent Mark Cycle
[2025-03-26T13:48:07.320+0000][18160][info ][safepoint   ] Safepoint "CollectForMetadataAllocation", Time since last: 3601352000 ns, Reaching safepoint: 6700 ns, At safepoint: 36312200 ns, Total: 36318900 ns
[2025-03-26T13:48:07.320+0000][18160][info ][gc,marking  ] GC(13) Concurrent Scan Root Regions
[2025-03-26T13:48:07.326+0000][18160][info ][gc,marking  ] GC(13) Concurrent Scan Root Regions 11.503ms
[2025-03-26T13:48:07.326+0000][18160][info ][gc,marking  ] GC(13) Concurrent Mark
[2025-03-26T13:48:07.326+0000][18160][info ][gc,marking  ] GC(13) Concurrent Mark From Roots
[2025-03-26T13:48:07.326+0000][18160][info ][gc,task     ] GC(13) Using 3 workers of 3 for marking
[2025-03-26T13:48:07.342+0000][18160][info ][gc,marking  ] GC(13) Concurrent Mark From Roots 9.846ms
[2025-03-26T13:48:07.342+0000][18160][info ][gc,marking  ] GC(13) Concurrent Preclean
[2025-03-26T13:48:07.342+0000][18160][info ][gc,marking  ] GC(13) Concurrent Preclean 0.097ms
[2025-03-26T13:48:07.342+0000][18160][info ][gc,start    ] GC(13) Pause Remark
[2025-03-26T13:48:07.343+0000][18160][info ][gc          ] GC(13) Pause Remark 79M->79M(7848M) 5.890ms
[2025-03-26T13:48:07.343+0000][18160][info ][gc,cpu      ] GC(13) User=0.00s Sys=0.00s Real=0.00s
[2025-03-26T13:48:07.343+0000][18160][info ][safepoint   ] Safepoint "G1PauseRemark", Time since last: 21657600 ns, Reaching safepoint: 220400 ns, At safepoint: 5989000 ns, Total: 6209400 ns
[2025-03-26T13:48:07.343+0000][18160][info ][gc,marking  ] GC(13) Concurrent Mark 16.286ms
[2025-03-26T13:48:07.343+0000][18160][info ][gc,marking  ] GC(13) Concurrent Rebuild Remembered Sets and Scrub Regions
[2025-03-26T13:48:07.350+0000][18160][info ][gc,marking  ] GC(13) Concurrent Rebuild Remembered Sets and Scrub Regions 4.604ms
[2025-03-26T13:48:07.350+0000][18160][info ][gc,start    ] GC(13) Pause Cleanup
[2025-03-26T13:48:07.350+0000][18160][info ][gc          ] GC(13) Pause Cleanup 79M->79M(7848M) 0.072ms
[2025-03-26T13:48:07.350+0000][18160][info ][gc,cpu      ] GC(13) User=0.00s Sys=0.00s Real=0.00s
[2025-03-26T13:48:07.350+0000][18160][info ][safepoint   ] Safepoint "G1PauseCleanup", Time since last: 4717800 ns, Reaching safepoint: 56600 ns, At safepoint: 113900 ns, Total: 170500 ns
[2025-03-26T13:48:07.350+0000][18160][info ][gc,marking  ] GC(13) Concurrent Clear Claimed Marks
[2025-03-26T13:48:07.350+0000][18160][info ][gc,marking  ] GC(13) Concurrent Clear Claimed Marks 0.105ms
[2025-03-26T13:48:07.350+0000][18160][info ][gc,marking  ] GC(13) Concurrent Cleanup for Next Mark
[2025-03-26T13:48:07.358+0000][18160][info ][gc,marking  ] GC(13) Concurrent Cleanup for Next Mark 11.945ms
[2025-03-26T13:48:07.358+0000][18160][info ][gc          ] GC(13) Concurrent Mark Cycle 45.008ms
[2025-03-26T13:48:16.321+0000][18160][info ][gc,start    ] GC(14) Pause Young (Normal) (G1 Evacuation Pause)
[2025-03-26T13:48:16.321+0000][18160][info ][gc,task     ] GC(14) Using 10 workers of 10 for evacuation
[2025-03-26T13:48:16.321+0000][18160][debug][gc,age      ] GC(14) Desired survivor size 48234496 bytes, new threshold 15 (max threshold 15)
[2025-03-26T13:48:16.355+0000][18160][info ][gc,phases   ] GC(14)   Pre Evacuate Collection Set: 0.34ms
[2025-03-26T13:48:16.355+0000][18160][info ][gc,phases   ] GC(14)   Merge Heap Roots: 0.14ms
[2025-03-26T13:48:16.355+0000][18160][info ][gc,phases   ] GC(14)   Evacuate Collection Set: 27.30ms
[2025-03-26T13:48:16.355+0000][18160][info ][gc,phases   ] GC(14)   Post Evacuate Collection Set: 2.75ms
[2025-03-26T13:48:16.355+0000][18160][info ][gc,phases   ] GC(14)   Other: 0.19ms
[2025-03-26T13:48:16.355+0000][18160][trace][gc,age      ] GC(14) Age table:
[2025-03-26T13:48:16.355+0000][18160][trace][gc,age      ] GC(14) - age   1:   21235600 bytes,   21235600 total
[2025-03-26T13:48:16.355+0000][18160][trace][gc,age      ] GC(14) - age   2:    9582448 bytes,   30818048 total
[2025-03-26T13:48:16.355+0000][18160][trace][gc,age      ] GC(14) - age   3:   11035616 bytes,   41853664 total
[2025-03-26T13:48:16.355+0000][18160][trace][gc,age      ] GC(14) - age   4:    6295712 bytes,   48149376 total
[2025-03-26T13:48:16.355+0000][18160][trace][gc,age      ] GC(14) - age   5:    3258808 bytes,   51408184 total
[2025-03-26T13:48:16.355+0000][18160][trace][gc,age      ] GC(14) - age   6:    4415864 bytes,   55824048 total
[2025-03-26T13:48:16.355+0000][18160][trace][gc,age      ] GC(14) - age   7:    5728080 bytes,   61552128 total
[2025-03-26T13:48:16.355+0000][18160][info ][gc,heap     ] GC(14) Eden regions: 167->0(193)
[2025-03-26T13:48:16.355+0000][18160][info ][gc,heap     ] GC(14) Survivor regions: 12->17(23)
[2025-03-26T13:48:16.355+0000][18160][info ][gc,heap     ] GC(14) Old regions: 8->8
[2025-03-26T13:48:16.355+0000][18160][info ][gc,heap     ] GC(14) Humongous regions: 0->0
[2025-03-26T13:48:16.355+0000][18160][info ][gc,metaspace] GC(14) Metaspace: 140308K(144128K)->140308K(144128K) NonClass: 120221K(122304K)->120221K(122304K) Class: 20087K(21824K)->20087K(21824K)
[2025-03-26T13:48:16.355+0000][18160][info ][gc          ] GC(14) Pause Young (Normal) (G1 Evacuation Pause) 742M->94M(7848M) 31.029ms
[2025-03-26T13:48:16.355+0000][18160][info ][gc,cpu      ] GC(14) User=0.25s Sys=0.00s Real=0.03s
[2025-03-26T13:48:16.355+0000][18160][info ][safepoint   ] Safepoint "G1CollectForAllocation", Time since last: 8971392500 ns, Reaching safepoint: 23000 ns, At safepoint: 31138500 ns, Total: 31161500 ns
[2025-03-26T13:49:05.278+0000][18160][info ][gc,heap,exit] Heap
[2025-03-26T13:49:05.278+0000][18160][info ][gc,heap,exit]  garbage-first heap   total reserved 8036352K, committed 8036352K, used 412351K [0x0000000615800000, 0x0000000800000000)
[2025-03-26T13:49:05.278+0000][18160][info ][gc,heap,exit]   region size 4096K, 92 young (376832K), 17 survivors (69632K)
[2025-03-26T13:49:05.278+0000][18160][info ][gc,heap,exit]  Metaspace       used 145203K, committed 149120K, reserved 1179648K
[2025-03-26T13:49:05.278+0000][18160][info ][gc,heap,exit]   class space    used 20884K, committed 22656K, reserved 1048576K
