[2025-03-26T13:47:19.455+0000][18528][info][gc,init] CardTable entry size: 512
[2025-03-26T13:47:19.455+0000][18528][info][gc     ] Using G1
[2025-03-26T13:47:22.277+0000][18528][info][gc,init] Version: 23+37-2369 (release)
[2025-03-26T13:47:22.277+0000][18528][info][gc,init] CPUs: 12 total, 12 available
[2025-03-26T13:47:22.277+0000][18528][info][gc,init] Memory: 15693M
[2025-03-26T13:47:22.277+0000][18528][info][gc,init] Large Page Support: Disabled
[2025-03-26T13:47:22.277+0000][18528][info][gc,init] NUMA Support: Disabled
[2025-03-26T13:47:22.277+0000][18528][info][gc,init] Compressed Oops: Enabled (Zero based)
[2025-03-26T13:47:22.277+0000][18528][info][gc,init] Heap Region Size: 4M
[2025-03-26T13:47:22.277+0000][18528][info][gc,init] Heap Min Capacity: 7848M
[2025-03-26T13:47:22.277+0000][18528][info][gc,init] Heap Initial Capacity: 7848M
[2025-03-26T13:47:22.277+0000][18528][info][gc,init] Heap Max Capacity: 7848M
[2025-03-26T13:47:22.277+0000][18528][info][gc,init] Pre-touch: Enabled
[2025-03-26T13:47:22.277+0000][18528][info][gc,init] Parallel Workers: 10
[2025-03-26T13:47:22.277+0000][18528][info][gc,init] Concurrent Workers: 3
[2025-03-26T13:47:22.277+0000][18528][info][gc,init] Concurrent Refinement Workers: 10
[2025-03-26T13:47:22.277+0000][18528][info][gc,init] Periodic GC: Disabled
[2025-03-26T13:47:22.321+0000][18528][info][gc,metaspace] CDS archive(s) mapped at: [0x000002308b000000-0x000002308bd70000-0x000002308bd70000), size 14090240, SharedBaseAddress: 0x000002308b000000, ArchiveRelocationMode: 1.
[2025-03-26T13:47:22.321+0000][18528][info][gc,metaspace] Compressed class space mapped at: 0x000002308c000000-0x00000230cc000000, reserved size: 1073741824
[2025-03-26T13:47:22.321+0000][18528][info][gc,metaspace] Narrow klass base: 0x000002308b000000, Narrow klass shift: 0, Narrow klass range: 0x41000000
[2025-03-26T13:47:33.115+0000][18528][info][gc,start    ] GC(0) Pause Young (Concurrent Start) (Metadata GC Threshold)
[2025-03-26T13:47:33.118+0000][18528][info][gc,task     ] GC(0) Using 10 workers of 10 for evacuation
[2025-03-26T13:47:33.118+0000][18528][debug][gc,age      ] GC(0) Desired survivor size 27262976 bytes, new threshold 15 (max threshold 15)
[2025-03-26T13:47:33.134+0000][18528][info ][gc,phases   ] GC(0)   Pre Evacuate Collection Set: 0.75ms
[2025-03-26T13:47:33.134+0000][18528][info ][gc,phases   ] GC(0)   Merge Heap Roots: 0.23ms
[2025-03-26T13:47:33.134+0000][18528][info ][gc,phases   ] GC(0)   Evacuate Collection Set: 11.97ms
[2025-03-26T13:47:33.134+0000][18528][info ][gc,phases   ] GC(0)   Post Evacuate Collection Set: 1.94ms
[2025-03-26T13:47:33.134+0000][18528][info ][gc,phases   ] GC(0)   Other: 0.71ms
[2025-03-26T13:47:33.134+0000][18528][trace][gc,age      ] GC(0) Age table:
[2025-03-26T13:47:33.134+0000][18528][trace][gc,age      ] GC(0) - age   1:   15358896 bytes,   15358896 total
[2025-03-26T13:47:33.135+0000][18528][info ][gc,heap     ] GC(0) Eden regions: 65->0(94)
[2025-03-26T13:47:33.135+0000][18528][info ][gc,heap     ] GC(0) Survivor regions: 0->4(13)
[2025-03-26T13:47:33.135+0000][18528][info ][gc,heap     ] GC(0) Old regions: 0->0
[2025-03-26T13:47:33.135+0000][18528][info ][gc,heap     ] GC(0) Humongous regions: 0->0
[2025-03-26T13:47:33.135+0000][18528][info ][gc,metaspace] GC(0) Metaspace: 20701K(21504K)->20701K(21504K) NonClass: 18367K(18816K)->18367K(18816K) Class: 2333K(2688K)->2333K(2688K)
[2025-03-26T13:47:33.135+0000][18528][info ][gc          ] GC(0) Pause Young (Concurrent Start) (Metadata GC Threshold) 260M->14M(7848M) 17.268ms
[2025-03-26T13:47:33.135+0000][18528][info ][gc,cpu      ] GC(0) User=0.06s Sys=0.00s Real=0.02s
[2025-03-26T13:47:33.135+0000][18528][info ][gc          ] GC(1) Concurrent Mark Cycle
[2025-03-26T13:47:33.135+0000][18528][info ][gc,marking  ] GC(1) Concurrent Scan Root Regions
[2025-03-26T13:47:33.135+0000][18528][info ][safepoint   ] Safepoint "CollectForMetadataAllocation", Time since last: 10785710400 ns, Reaching safepoint: 11900 ns, At safepoint: 17931000 ns, Total: 17942900 ns
[2025-03-26T13:47:33.141+0000][18528][info ][gc,marking  ] GC(1) Concurrent Scan Root Regions 5.866ms
[2025-03-26T13:47:33.141+0000][18528][info ][gc,marking  ] GC(1) Concurrent Mark
[2025-03-26T13:47:33.141+0000][18528][info ][gc,marking  ] GC(1) Concurrent Mark From Roots
[2025-03-26T13:47:33.141+0000][18528][info ][gc,task     ] GC(1) Using 3 workers of 3 for marking
[2025-03-26T13:47:33.141+0000][18528][info ][gc,marking  ] GC(1) Concurrent Mark From Roots 0.371ms
[2025-03-26T13:47:33.141+0000][18528][info ][gc,marking  ] GC(1) Concurrent Preclean
[2025-03-26T13:47:33.141+0000][18528][info ][gc,marking  ] GC(1) Concurrent Preclean 0.019ms
[2025-03-26T13:47:33.141+0000][18528][info ][gc,start    ] GC(1) Pause Remark
[2025-03-26T13:47:33.144+0000][18528][info ][gc          ] GC(1) Pause Remark 18M->18M(7848M) 3.436ms
[2025-03-26T13:47:33.144+0000][18528][info ][gc,cpu      ] GC(1) User=0.00s Sys=0.00s Real=0.00s
[2025-03-26T13:47:33.144+0000][18528][info ][safepoint   ] Safepoint "G1PauseRemark", Time since last: 6514500 ns, Reaching safepoint: 16600 ns, At safepoint: 3559700 ns, Total: 3576300 ns
[2025-03-26T13:47:33.144+0000][18528][info ][gc,marking  ] GC(1) Concurrent Mark 4.129ms
[2025-03-26T13:47:33.144+0000][18528][info ][gc,marking  ] GC(1) Concurrent Rebuild Remembered Sets and Scrub Regions
[2025-03-26T13:47:33.144+0000][18528][info ][gc,marking  ] GC(1) Concurrent Rebuild Remembered Sets and Scrub Regions 0.109ms
[2025-03-26T13:47:33.144+0000][18528][info ][gc,start    ] GC(1) Pause Cleanup
[2025-03-26T13:47:33.144+0000][18528][info ][gc          ] GC(1) Pause Cleanup 18M->18M(7848M) 0.036ms
[2025-03-26T13:47:33.144+0000][18528][info ][gc,cpu      ] GC(1) User=0.00s Sys=0.00s Real=0.00s
[2025-03-26T13:47:33.144+0000][18528][info ][safepoint   ] Safepoint "G1PauseCleanup", Time since last: 247700 ns, Reaching safepoint: 15700 ns, At safepoint: 102400 ns, Total: 118100 ns
[2025-03-26T13:47:33.144+0000][18528][info ][gc,marking  ] GC(1) Concurrent Clear Claimed Marks
[2025-03-26T13:47:33.145+0000][18528][info ][gc,marking  ] GC(1) Concurrent Clear Claimed Marks 0.101ms
[2025-03-26T13:47:33.145+0000][18528][info ][gc,marking  ] GC(1) Concurrent Cleanup for Next Mark
[2025-03-26T13:47:33.157+0000][18528][info ][gc,marking  ] GC(1) Concurrent Cleanup for Next Mark 11.952ms
[2025-03-26T13:47:33.157+0000][18528][info ][gc          ] GC(1) Concurrent Mark Cycle 22.763ms
[2025-03-26T13:47:35.140+0000][18528][info ][gc,start    ] GC(2) Pause Young (Normal) (G1 Evacuation Pause)
[2025-03-26T13:47:35.140+0000][18528][info ][gc,task     ] GC(2) Using 10 workers of 10 for evacuation
[2025-03-26T13:47:35.140+0000][18528][debug][gc,age      ] GC(2) Desired survivor size 27262976 bytes, new threshold 15 (max threshold 15)
[2025-03-26T13:47:35.156+0000][18528][info ][gc,phases   ] GC(2)   Pre Evacuate Collection Set: 0.34ms
[2025-03-26T13:47:35.156+0000][18528][info ][gc,phases   ] GC(2)   Merge Heap Roots: 0.09ms
[2025-03-26T13:47:35.156+0000][18528][info ][gc,phases   ] GC(2)   Evacuate Collection Set: 11.73ms
[2025-03-26T13:47:35.156+0000][18528][info ][gc,phases   ] GC(2)   Post Evacuate Collection Set: 1.59ms
[2025-03-26T13:47:35.156+0000][18528][info ][gc,phases   ] GC(2)   Other: 0.12ms
[2025-03-26T13:47:35.156+0000][18528][trace][gc,age      ] GC(2) Age table:
[2025-03-26T13:47:35.156+0000][18528][trace][gc,age      ] GC(2) - age   1:    6707352 bytes,    6707352 total
[2025-03-26T13:47:35.156+0000][18528][trace][gc,age      ] GC(2) - age   2:   14416176 bytes,   21123528 total
[2025-03-26T13:47:35.156+0000][18528][info ][gc,heap     ] GC(2) Eden regions: 94->0(92)
[2025-03-26T13:47:35.156+0000][18528][info ][gc,heap     ] GC(2) Survivor regions: 4->6(13)
[2025-03-26T13:47:35.156+0000][18528][info ][gc,heap     ] GC(2) Old regions: 0->0
[2025-03-26T13:47:35.156+0000][18528][info ][gc,heap     ] GC(2) Humongous regions: 0->0
[2025-03-26T13:47:35.156+0000][18528][info ][gc,metaspace] GC(2) Metaspace: 28888K(29824K)->28888K(29824K) NonClass: 25611K(26112K)->25611K(26112K) Class: 3277K(3712K)->3277K(3712K)
[2025-03-26T13:47:35.156+0000][18528][info ][gc          ] GC(2) Pause Young (Normal) (G1 Evacuation Pause) 390M->22M(7848M) 14.253ms
[2025-03-26T13:47:35.156+0000][18528][info ][gc,cpu      ] GC(2) User=0.02s Sys=0.00s Real=0.02s
[2025-03-26T13:47:35.156+0000][18528][info ][safepoint   ] Safepoint "G1CollectForAllocation", Time since last: 1996579500 ns, Reaching safepoint: 5500 ns, At safepoint: 14332100 ns, Total: 14337600 ns
[2025-03-26T13:47:36.108+0000][18528][info ][gc,start    ] GC(3) Pause Young (Normal) (G1 Evacuation Pause)
[2025-03-26T13:47:36.108+0000][18528][info ][gc,task     ] GC(3) Using 10 workers of 10 for evacuation
[2025-03-26T13:47:36.108+0000][18528][debug][gc,age      ] GC(3) Desired survivor size 27262976 bytes, new threshold 15 (max threshold 15)
[2025-03-26T13:47:36.130+0000][18528][info ][gc,phases   ] GC(3)   Pre Evacuate Collection Set: 0.34ms
[2025-03-26T13:47:36.130+0000][18528][info ][gc,phases   ] GC(3)   Merge Heap Roots: 0.10ms
[2025-03-26T13:47:36.130+0000][18528][info ][gc,phases   ] GC(3)   Evacuate Collection Set: 13.89ms
[2025-03-26T13:47:36.130+0000][18528][info ][gc,phases   ] GC(3)   Post Evacuate Collection Set: 1.88ms
[2025-03-26T13:47:36.130+0000][18528][info ][gc,phases   ] GC(3)   Other: 0.13ms
[2025-03-26T13:47:36.130+0000][18528][trace][gc,age      ] GC(3) Age table:
[2025-03-26T13:47:36.130+0000][18528][trace][gc,age      ] GC(3) - age   1:    4878592 bytes,    4878592 total
[2025-03-26T13:47:36.130+0000][18528][trace][gc,age      ] GC(3) - age   2:    6003272 bytes,   10881864 total
[2025-03-26T13:47:36.130+0000][18528][trace][gc,age      ] GC(3) - age   3:   14416048 bytes,   25297912 total
[2025-03-26T13:47:36.130+0000][18528][info ][gc,heap     ] GC(3) Eden regions: 92->0(91)
[2025-03-26T13:47:36.130+0000][18528][info ][gc,heap     ] GC(3) Survivor regions: 6->7(13)
[2025-03-26T13:47:36.130+0000][18528][info ][gc,heap     ] GC(3) Old regions: 0->0
[2025-03-26T13:47:36.130+0000][18528][info ][gc,heap     ] GC(3) Humongous regions: 0->0
[2025-03-26T13:47:36.130+0000][18528][info ][gc,metaspace] GC(3) Metaspace: 30043K(30976K)->30043K(30976K) NonClass: 26604K(27136K)->26604K(27136K) Class: 3438K(3840K)->3438K(3840K)
[2025-03-26T13:47:36.130+0000][18528][info ][gc          ] GC(3) Pause Young (Normal) (G1 Evacuation Pause) 390M->27M(7848M) 16.757ms
[2025-03-26T13:47:36.130+0000][18528][info ][gc,cpu      ] GC(3) User=0.00s Sys=0.00s Real=0.02s
[2025-03-26T13:47:36.130+0000][18528][info ][safepoint   ] Safepoint "G1CollectForAllocation", Time since last: 957666200 ns, Reaching safepoint: 7300 ns, At safepoint: 16830600 ns, Total: 16837900 ns
[2025-03-26T13:47:37.377+0000][18528][info ][gc,start    ] GC(4) Pause Young (Concurrent Start) (Metadata GC Threshold)
[2025-03-26T13:47:37.377+0000][18528][info ][gc,task     ] GC(4) Using 10 workers of 10 for evacuation
[2025-03-26T13:47:37.377+0000][18528][debug][gc,age      ] GC(4) Desired survivor size 27262976 bytes, new threshold 15 (max threshold 15)
[2025-03-26T13:47:37.403+0000][18528][info ][gc,phases   ] GC(4)   Pre Evacuate Collection Set: 0.49ms
[2025-03-26T13:47:37.403+0000][18528][info ][gc,phases   ] GC(4)   Merge Heap Roots: 0.10ms
[2025-03-26T13:47:37.403+0000][18528][info ][gc,phases   ] GC(4)   Evacuate Collection Set: 20.74ms
[2025-03-26T13:47:37.403+0000][18528][info ][gc,phases   ] GC(4)   Post Evacuate Collection Set: 2.65ms
[2025-03-26T13:47:37.403+0000][18528][info ][gc,phases   ] GC(4)   Other: 0.20ms
[2025-03-26T13:47:37.403+0000][18528][trace][gc,age      ] GC(4) Age table:
[2025-03-26T13:47:37.403+0000][18528][trace][gc,age      ] GC(4) - age   1:    4459792 bytes,    4459792 total
[2025-03-26T13:47:37.403+0000][18528][trace][gc,age      ] GC(4) - age   2:    4526744 bytes,    8986536 total
[2025-03-26T13:47:37.403+0000][18528][trace][gc,age      ] GC(4) - age   3:    5998184 bytes,   14984720 total
[2025-03-26T13:47:37.403+0000][18528][trace][gc,age      ] GC(4) - age   4:   14415376 bytes,   29400096 total
[2025-03-26T13:47:37.403+0000][18528][info ][gc,heap     ] GC(4) Eden regions: 89->0(90)
[2025-03-26T13:47:37.403+0000][18528][info ][gc,heap     ] GC(4) Survivor regions: 7->8(13)
[2025-03-26T13:47:37.403+0000][18528][info ][gc,heap     ] GC(4) Old regions: 0->0
[2025-03-26T13:47:37.403+0000][18528][info ][gc,heap     ] GC(4) Humongous regions: 0->0
[2025-03-26T13:47:37.403+0000][18528][info ][gc,metaspace] GC(4) Metaspace: 34927K(35968K)->34927K(35968K) NonClass: 30964K(31552K)->30964K(31552K) Class: 3962K(4416K)->3962K(4416K)
[2025-03-26T13:47:37.403+0000][18528][info ][gc          ] GC(4) Pause Young (Concurrent Start) (Metadata GC Threshold) 383M->29M(7848M) 24.610ms
[2025-03-26T13:47:37.403+0000][18528][info ][gc,cpu      ] GC(4) User=0.02s Sys=0.00s Real=0.03s
[2025-03-26T13:47:37.403+0000][18528][info ][gc          ] GC(5) Concurrent Mark Cycle
[2025-03-26T13:47:37.403+0000][18528][info ][gc,marking  ] GC(5) Concurrent Scan Root Regions
[2025-03-26T13:47:37.403+0000][18528][info ][safepoint   ] Safepoint "CollectForMetadataAllocation", Time since last: 1249593500 ns, Reaching safepoint: 6300 ns, At safepoint: 24770300 ns, Total: 24776600 ns
[2025-03-26T13:47:37.403+0000][18528][info ][gc,marking  ] GC(5) Concurrent Scan Root Regions 7.099ms
[2025-03-26T13:47:37.403+0000][18528][info ][gc,marking  ] GC(5) Concurrent Mark
[2025-03-26T13:47:37.403+0000][18528][info ][gc,marking  ] GC(5) Concurrent Mark From Roots
[2025-03-26T13:47:37.403+0000][18528][info ][gc,task     ] GC(5) Using 3 workers of 3 for marking
[2025-03-26T13:47:37.403+0000][18528][info ][gc,marking  ] GC(5) Concurrent Mark From Roots 0.442ms
[2025-03-26T13:47:37.403+0000][18528][info ][gc,marking  ] GC(5) Concurrent Preclean
[2025-03-26T13:47:37.403+0000][18528][info ][gc,marking  ] GC(5) Concurrent Preclean 0.019ms
[2025-03-26T13:47:37.403+0000][18528][info ][gc,start    ] GC(5) Pause Remark
[2025-03-26T13:47:37.420+0000][18528][info ][gc          ] GC(5) Pause Remark 31M->31M(7848M) 6.951ms
[2025-03-26T13:47:37.420+0000][18528][info ][gc,cpu      ] GC(5) User=0.00s Sys=0.00s Real=0.02s
[2025-03-26T13:47:37.420+0000][18528][info ][safepoint   ] Safepoint "G1PauseRemark", Time since last: 7742700 ns, Reaching safepoint: 380800 ns, At safepoint: 7071500 ns, Total: 7452300 ns
[2025-03-26T13:47:37.420+0000][18528][info ][gc,marking  ] GC(5) Concurrent Mark 8.072ms
[2025-03-26T13:47:37.420+0000][18528][info ][gc,marking  ] GC(5) Concurrent Rebuild Remembered Sets and Scrub Regions
[2025-03-26T13:47:37.420+0000][18528][info ][gc,marking  ] GC(5) Concurrent Rebuild Remembered Sets and Scrub Regions 0.121ms
[2025-03-26T13:47:37.420+0000][18528][info ][gc,start    ] GC(5) Pause Cleanup
[2025-03-26T13:47:37.420+0000][18528][info ][gc          ] GC(5) Pause Cleanup 31M->31M(7848M) 0.034ms
[2025-03-26T13:47:37.420+0000][18528][info ][gc,cpu      ] GC(5) User=0.00s Sys=0.00s Real=0.00s
[2025-03-26T13:47:37.420+0000][18528][info ][safepoint   ] Safepoint "G1PauseCleanup", Time since last: 265800 ns, Reaching safepoint: 38200 ns, At safepoint: 81500 ns, Total: 119700 ns
[2025-03-26T13:47:37.420+0000][18528][info ][gc,marking  ] GC(5) Concurrent Clear Claimed Marks
[2025-03-26T13:47:37.420+0000][18528][info ][gc,marking  ] GC(5) Concurrent Clear Claimed Marks 0.076ms
[2025-03-26T13:47:37.420+0000][18528][info ][gc,marking  ] GC(5) Concurrent Cleanup for Next Mark
[2025-03-26T13:47:37.431+0000][18528][info ][gc,marking  ] GC(5) Concurrent Cleanup for Next Mark 12.730ms
[2025-03-26T13:47:37.431+0000][18528][info ][gc          ] GC(5) Concurrent Mark Cycle 28.641ms
[2025-03-26T13:47:38.413+0000][18528][info ][gc,start    ] GC(6) Pause Young (Normal) (G1 Evacuation Pause)
[2025-03-26T13:47:38.413+0000][18528][info ][gc,task     ] GC(6) Using 10 workers of 10 for evacuation
[2025-03-26T13:47:38.413+0000][18528][debug][gc,age      ] GC(6) Desired survivor size 27262976 bytes, new threshold 4 (max threshold 15)
[2025-03-26T13:47:38.444+0000][18528][info ][gc,phases   ] GC(6)   Pre Evacuate Collection Set: 0.34ms
[2025-03-26T13:47:38.444+0000][18528][info ][gc,phases   ] GC(6)   Merge Heap Roots: 0.09ms
[2025-03-26T13:47:38.444+0000][18528][info ][gc,phases   ] GC(6)   Evacuate Collection Set: 17.02ms
[2025-03-26T13:47:38.444+0000][18528][info ][gc,phases   ] GC(6)   Post Evacuate Collection Set: 1.85ms
[2025-03-26T13:47:38.444+0000][18528][info ][gc,phases   ] GC(6)   Other: 0.14ms
[2025-03-26T13:47:38.444+0000][18528][trace][gc,age      ] GC(6) Age table:
[2025-03-26T13:47:38.444+0000][18528][trace][gc,age      ] GC(6) - age   1:    5889464 bytes,    5889464 total
[2025-03-26T13:47:38.444+0000][18528][trace][gc,age      ] GC(6) - age   2:    4439848 bytes,   10329312 total
[2025-03-26T13:47:38.444+0000][18528][trace][gc,age      ] GC(6) - age   3:    4523992 bytes,   14853304 total
[2025-03-26T13:47:38.444+0000][18528][trace][gc,age      ] GC(6) - age   4:    5997168 bytes,   20850472 total
[2025-03-26T13:47:38.444+0000][18528][info ][gc,heap     ] GC(6) Eden regions: 90->0(92)
[2025-03-26T13:47:38.444+0000][18528][info ][gc,heap     ] GC(6) Survivor regions: 8->6(13)
[2025-03-26T13:47:38.444+0000][18528][info ][gc,heap     ] GC(6) Old regions: 0->4
[2025-03-26T13:47:38.444+0000][18528][info ][gc,heap     ] GC(6) Humongous regions: 0->0
[2025-03-26T13:47:38.444+0000][18528][info ][gc,metaspace] GC(6) Metaspace: 37476K(38592K)->37476K(38592K) NonClass: 33134K(33792K)->33134K(33792K) Class: 4341K(4800K)->4341K(4800K)
[2025-03-26T13:47:38.444+0000][18528][info ][gc          ] GC(6) Pause Young (Normal) (G1 Evacuation Pause) 389M->38M(7848M) 19.840ms
[2025-03-26T13:47:38.444+0000][18528][info ][gc,cpu      ] GC(6) User=0.09s Sys=0.00s Real=0.03s
[2025-03-26T13:47:38.444+0000][18528][info ][safepoint   ] Safepoint "G1CollectForAllocation", Time since last: 1004800700 ns, Reaching safepoint: 5700 ns, At safepoint: 19914300 ns, Total: 19920000 ns
[2025-03-26T13:47:39.382+0000][18528][info ][gc,start    ] GC(7) Pause Young (Normal) (G1 Evacuation Pause)
[2025-03-26T13:47:39.382+0000][18528][info ][gc,task     ] GC(7) Using 10 workers of 10 for evacuation
[2025-03-26T13:47:39.382+0000][18528][debug][gc,age      ] GC(7) Desired survivor size 27262976 bytes, new threshold 15 (max threshold 15)
[2025-03-26T13:47:39.398+0000][18528][info ][gc,phases   ] GC(7)   Pre Evacuate Collection Set: 0.35ms
[2025-03-26T13:47:39.398+0000][18528][info ][gc,phases   ] GC(7)   Merge Heap Roots: 0.11ms
[2025-03-26T13:47:39.398+0000][18528][info ][gc,phases   ] GC(7)   Evacuate Collection Set: 9.49ms
[2025-03-26T13:47:39.398+0000][18528][info ][gc,phases   ] GC(7)   Post Evacuate Collection Set: 0.91ms
[2025-03-26T13:47:39.398+0000][18528][info ][gc,phases   ] GC(7)   Other: 0.11ms
[2025-03-26T13:47:39.398+0000][18528][trace][gc,age      ] GC(7) Age table:
[2025-03-26T13:47:39.398+0000][18528][trace][gc,age      ] GC(7) - age   1:    5688256 bytes,    5688256 total
[2025-03-26T13:47:39.398+0000][18528][trace][gc,age      ] GC(7) - age   2:    5863760 bytes,   11552016 total
[2025-03-26T13:47:39.398+0000][18528][trace][gc,age      ] GC(7) - age   3:    4437720 bytes,   15989736 total
[2025-03-26T13:47:39.398+0000][18528][trace][gc,age      ] GC(7) - age   4:    4523272 bytes,   20513008 total
[2025-03-26T13:47:39.398+0000][18528][trace][gc,age      ] GC(7) - age   5:    5994400 bytes,   26507408 total
[2025-03-26T13:47:39.398+0000][18528][info ][gc,heap     ] GC(7) Eden regions: 92->0(90)
[2025-03-26T13:47:39.398+0000][18528][info ][gc,heap     ] GC(7) Survivor regions: 6->8(13)
[2025-03-26T13:47:39.398+0000][18528][info ][gc,heap     ] GC(7) Old regions: 4->4
[2025-03-26T13:47:39.398+0000][18528][info ][gc,heap     ] GC(7) Humongous regions: 0->0
[2025-03-26T13:47:39.398+0000][18528][info ][gc,metaspace] GC(7) Metaspace: 38996K(40128K)->38996K(40128K) NonClass: 34462K(35136K)->34462K(35136K) Class: 4533K(4992K)->4533K(4992K)
[2025-03-26T13:47:39.398+0000][18528][info ][gc          ] GC(7) Pause Young (Normal) (G1 Evacuation Pause) 406M->43M(7848M) 11.315ms
[2025-03-26T13:47:39.398+0000][18528][info ][gc,cpu      ] GC(7) User=0.02s Sys=0.00s Real=0.02s
[2025-03-26T13:47:39.398+0000][18528][info ][safepoint   ] Safepoint "G1CollectForAllocation", Time since last: 942179800 ns, Reaching safepoint: 7600 ns, At safepoint: 11383900 ns, Total: 11391500 ns
