[2025-03-26T13:49:25.903+0000][18784][info][gc,init] CardTable entry size: 512
[2025-03-26T13:49:25.903+0000][18784][info][gc     ] Using G1
[2025-03-26T13:49:27.297+0000][18784][info][gc,init] Version: 23+37-2369 (release)
[2025-03-26T13:49:27.297+0000][18784][info][gc,init] CPUs: 12 total, 12 available
[2025-03-26T13:49:27.297+0000][18784][info][gc,init] Memory: 15693M
[2025-03-26T13:49:27.297+0000][18784][info][gc,init] Large Page Support: Disabled
[2025-03-26T13:49:27.297+0000][18784][info][gc,init] NUMA Support: Disabled
[2025-03-26T13:49:27.297+0000][18784][info][gc,init] Compressed Oops: Enabled (Zero based)
[2025-03-26T13:49:27.297+0000][18784][info][gc,init] Heap Region Size: 4M
[2025-03-26T13:49:27.297+0000][18784][info][gc,init] Heap Min Capacity: 7848M
[2025-03-26T13:49:27.297+0000][18784][info][gc,init] Heap Initial Capacity: 7848M
[2025-03-26T13:49:27.297+0000][18784][info][gc,init] Heap Max Capacity: 7848M
[2025-03-26T13:49:27.297+0000][18784][info][gc,init] Pre-touch: Enabled
[2025-03-26T13:49:27.297+0000][18784][info][gc,init] Parallel Workers: 10
[2025-03-26T13:49:27.297+0000][18784][info][gc,init] Concurrent Workers: 3
[2025-03-26T13:49:27.297+0000][18784][info][gc,init] Concurrent Refinement Workers: 10
[2025-03-26T13:49:27.297+0000][18784][info][gc,init] Periodic GC: Disabled
[2025-03-26T13:49:27.313+0000][18784][info][gc,metaspace] CDS archive(s) mapped at: [0x0000021ed8000000-0x0000021ed8d70000-0x0000021ed8d70000), size 14090240, SharedBaseAddress: 0x0000021ed8000000, ArchiveRelocationMode: 1.
[2025-03-26T13:49:27.313+0000][18784][info][gc,metaspace] Compressed class space mapped at: 0x0000021ed9000000-0x0000021f19000000, reserved size: 1073741824
[2025-03-26T13:49:27.313+0000][18784][info][gc,metaspace] Narrow klass base: 0x0000021ed8000000, Narrow klass shift: 0, Narrow klass range: 0x41000000
[2025-03-26T13:49:32.257+0000][18784][info][gc,start    ] GC(0) Pause Young (Concurrent Start) (Metadata GC Threshold)
[2025-03-26T13:49:32.258+0000][18784][info][gc,task     ] GC(0) Using 10 workers of 10 for evacuation
[2025-03-26T13:49:32.258+0000][18784][debug][gc,age      ] GC(0) Desired survivor size 27262976 bytes, new threshold 15 (max threshold 15)
[2025-03-26T13:49:32.269+0000][18784][info ][gc,phases   ] GC(0)   Pre Evacuate Collection Set: 0.43ms
[2025-03-26T13:49:32.269+0000][18784][info ][gc,phases   ] GC(0)   Merge Heap Roots: 0.16ms
[2025-03-26T13:49:32.269+0000][18784][info ][gc,phases   ] GC(0)   Evacuate Collection Set: 8.05ms
[2025-03-26T13:49:32.269+0000][18784][info ][gc,phases   ] GC(0)   Post Evacuate Collection Set: 1.87ms
[2025-03-26T13:49:32.269+0000][18784][info ][gc,phases   ] GC(0)   Other: 0.35ms
[2025-03-26T13:49:32.269+0000][18784][trace][gc,age      ] GC(0) Age table:
[2025-03-26T13:49:32.269+0000][18784][trace][gc,age      ] GC(0) - age   1:   15362600 bytes,   15362600 total
[2025-03-26T13:49:32.269+0000][18784][info ][gc,heap     ] GC(0) Eden regions: 65->0(94)
[2025-03-26T13:49:32.269+0000][18784][info ][gc,heap     ] GC(0) Survivor regions: 0->4(13)
[2025-03-26T13:49:32.269+0000][18784][info ][gc,heap     ] GC(0) Old regions: 0->0
[2025-03-26T13:49:32.269+0000][18784][info ][gc,heap     ] GC(0) Humongous regions: 0->0
[2025-03-26T13:49:32.269+0000][18784][info ][gc,metaspace] GC(0) Metaspace: 20692K(21504K)->20692K(21504K) NonClass: 18358K(18816K)->18358K(18816K) Class: 2333K(2688K)->2333K(2688K)
[2025-03-26T13:49:32.269+0000][18784][info ][gc          ] GC(0) Pause Young (Concurrent Start) (Metadata GC Threshold) 260M->15M(7848M) 11.248ms
[2025-03-26T13:49:32.269+0000][18784][info ][gc,cpu      ] GC(0) User=0.03s Sys=0.00s Real=0.01s
[2025-03-26T13:49:32.269+0000][18784][info ][gc          ] GC(1) Concurrent Mark Cycle
[2025-03-26T13:49:32.269+0000][18784][info ][safepoint   ] Safepoint "CollectForMetadataAllocation", Time since last: 4928479900 ns, Reaching safepoint: 7100 ns, At safepoint: 11383500 ns, Total: 11390600 ns
[2025-03-26T13:49:32.269+0000][18784][info ][gc,marking  ] GC(1) Concurrent Scan Root Regions
[2025-03-26T13:49:32.275+0000][18784][info ][gc,marking  ] GC(1) Concurrent Scan Root Regions 5.505ms
[2025-03-26T13:49:32.275+0000][18784][info ][gc,marking  ] GC(1) Concurrent Mark
[2025-03-26T13:49:32.275+0000][18784][info ][gc,marking  ] GC(1) Concurrent Mark From Roots
[2025-03-26T13:49:32.275+0000][18784][info ][gc,task     ] GC(1) Using 3 workers of 3 for marking
[2025-03-26T13:49:32.275+0000][18784][info ][gc,marking  ] GC(1) Concurrent Mark From Roots 0.339ms
[2025-03-26T13:49:32.275+0000][18784][info ][gc,marking  ] GC(1) Concurrent Preclean
[2025-03-26T13:49:32.275+0000][18784][info ][gc,marking  ] GC(1) Concurrent Preclean 0.015ms
[2025-03-26T13:49:32.275+0000][18784][info ][gc,start    ] GC(1) Pause Remark
[2025-03-26T13:49:32.278+0000][18784][info ][gc          ] GC(1) Pause Remark 19M->19M(7848M) 2.728ms
[2025-03-26T13:49:32.278+0000][18784][info ][gc,cpu      ] GC(1) User=0.00s Sys=0.00s Real=0.00s
[2025-03-26T13:49:32.278+0000][18784][info ][safepoint   ] Safepoint "G1PauseRemark", Time since last: 6134300 ns, Reaching safepoint: 15400 ns, At safepoint: 2827200 ns, Total: 2842600 ns
[2025-03-26T13:49:32.278+0000][18784][info ][gc,marking  ] GC(1) Concurrent Mark 3.346ms
[2025-03-26T13:49:32.278+0000][18784][info ][gc,marking  ] GC(1) Concurrent Rebuild Remembered Sets and Scrub Regions
[2025-03-26T13:49:32.279+0000][18784][info ][gc,marking  ] GC(1) Concurrent Rebuild Remembered Sets and Scrub Regions 0.400ms
[2025-03-26T13:49:32.279+0000][18784][info ][gc,start    ] GC(1) Pause Cleanup
[2025-03-26T13:49:32.279+0000][18784][info ][gc          ] GC(1) Pause Cleanup 19M->19M(7848M) 0.045ms
[2025-03-26T13:49:32.279+0000][18784][info ][gc,cpu      ] GC(1) User=0.00s Sys=0.00s Real=0.00s
[2025-03-26T13:49:32.279+0000][18784][info ][safepoint   ] Safepoint "G1PauseCleanup", Time since last: 524400 ns, Reaching safepoint: 26900 ns, At safepoint: 102600 ns, Total: 129500 ns
[2025-03-26T13:49:32.279+0000][18784][info ][gc,marking  ] GC(1) Concurrent Clear Claimed Marks
[2025-03-26T13:49:32.279+0000][18784][info ][gc,marking  ] GC(1) Concurrent Clear Claimed Marks 0.064ms
[2025-03-26T13:49:32.279+0000][18784][info ][gc,marking  ] GC(1) Concurrent Cleanup for Next Mark
[2025-03-26T13:49:32.286+0000][18784][info ][gc,marking  ] GC(1) Concurrent Cleanup for Next Mark 12.240ms
[2025-03-26T13:49:32.286+0000][18784][info ][gc          ] GC(1) Concurrent Mark Cycle 22.152ms
[2025-03-26T13:49:33.583+0000][18784][info ][gc,start    ] GC(2) Pause Young (Normal) (G1 Evacuation Pause)
[2025-03-26T13:49:33.583+0000][18784][info ][gc,task     ] GC(2) Using 10 workers of 10 for evacuation
[2025-03-26T13:49:33.583+0000][18784][debug][gc,age      ] GC(2) Desired survivor size 27262976 bytes, new threshold 15 (max threshold 15)
[2025-03-26T13:49:33.591+0000][18784][info ][gc,phases   ] GC(2)   Pre Evacuate Collection Set: 0.33ms
[2025-03-26T13:49:33.591+0000][18784][info ][gc,phases   ] GC(2)   Merge Heap Roots: 0.08ms
[2025-03-26T13:49:33.591+0000][18784][info ][gc,phases   ] GC(2)   Evacuate Collection Set: 12.58ms
[2025-03-26T13:49:33.591+0000][18784][info ][gc,phases   ] GC(2)   Post Evacuate Collection Set: 1.85ms
[2025-03-26T13:49:33.591+0000][18784][info ][gc,phases   ] GC(2)   Other: 0.17ms
[2025-03-26T13:49:33.591+0000][18784][trace][gc,age      ] GC(2) Age table:
[2025-03-26T13:49:33.591+0000][18784][trace][gc,age      ] GC(2) - age   1:    6705784 bytes,    6705784 total
[2025-03-26T13:49:33.591+0000][18784][trace][gc,age      ] GC(2) - age   2:   14419848 bytes,   21125632 total
[2025-03-26T13:49:33.591+0000][18784][info ][gc,heap     ] GC(2) Eden regions: 94->0(92)
[2025-03-26T13:49:33.591+0000][18784][info ][gc,heap     ] GC(2) Survivor regions: 4->6(13)
[2025-03-26T13:49:33.591+0000][18784][info ][gc,heap     ] GC(2) Old regions: 0->0
[2025-03-26T13:49:33.591+0000][18784][info ][gc,heap     ] GC(2) Humongous regions: 0->0
[2025-03-26T13:49:33.591+0000][18784][info ][gc,metaspace] GC(2) Metaspace: 28881K(29824K)->28881K(29824K) NonClass: 25605K(26112K)->25605K(26112K) Class: 3276K(3712K)->3276K(3712K)
[2025-03-26T13:49:33.591+0000][18784][info ][gc          ] GC(2) Pause Young (Normal) (G1 Evacuation Pause) 391M->21M(7848M) 15.426ms
[2025-03-26T13:49:33.591+0000][18784][info ][gc,cpu      ] GC(2) User=0.02s Sys=0.02s Real=0.01s
[2025-03-26T13:49:33.591+0000][18784][info ][safepoint   ] Safepoint "G1CollectForAllocation", Time since last: 1303856000 ns, Reaching safepoint: 7000 ns, At safepoint: 15508700 ns, Total: 15515700 ns
[2025-03-26T13:49:34.126+0000][18784][info ][gc,start    ] GC(3) Pause Young (Normal) (G1 Evacuation Pause)
[2025-03-26T13:49:34.131+0000][18784][info ][gc,task     ] GC(3) Using 10 workers of 10 for evacuation
[2025-03-26T13:49:34.131+0000][18784][debug][gc,age      ] GC(3) Desired survivor size 27262976 bytes, new threshold 15 (max threshold 15)
[2025-03-26T13:49:34.133+0000][18784][info ][gc,phases   ] GC(3)   Pre Evacuate Collection Set: 0.34ms
[2025-03-26T13:49:34.133+0000][18784][info ][gc,phases   ] GC(3)   Merge Heap Roots: 0.08ms
[2025-03-26T13:49:34.133+0000][18784][info ][gc,phases   ] GC(3)   Evacuate Collection Set: 9.64ms
[2025-03-26T13:49:34.133+0000][18784][info ][gc,phases   ] GC(3)   Post Evacuate Collection Set: 1.32ms
[2025-03-26T13:49:34.133+0000][18784][info ][gc,phases   ] GC(3)   Other: 0.16ms
[2025-03-26T13:49:34.133+0000][18784][trace][gc,age      ] GC(3) Age table:
[2025-03-26T13:49:34.133+0000][18784][trace][gc,age      ] GC(3) - age   1:    4913952 bytes,    4913952 total
[2025-03-26T13:49:34.133+0000][18784][trace][gc,age      ] GC(3) - age   2:    6000736 bytes,   10914688 total
[2025-03-26T13:49:34.133+0000][18784][trace][gc,age      ] GC(3) - age   3:   14419688 bytes,   25334376 total
[2025-03-26T13:49:34.133+0000][18784][info ][gc,heap     ] GC(3) Eden regions: 92->0(91)
[2025-03-26T13:49:34.133+0000][18784][info ][gc,heap     ] GC(3) Survivor regions: 6->7(13)
[2025-03-26T13:49:34.133+0000][18784][info ][gc,heap     ] GC(3) Old regions: 0->0
[2025-03-26T13:49:34.133+0000][18784][info ][gc,heap     ] GC(3) Humongous regions: 0->0
[2025-03-26T13:49:34.133+0000][18784][info ][gc,metaspace] GC(3) Metaspace: 30029K(30976K)->30029K(30976K) NonClass: 26591K(27136K)->26591K(27136K) Class: 3438K(3840K)->3438K(3840K)
[2025-03-26T13:49:34.133+0000][18784][info ][gc          ] GC(3) Pause Young (Normal) (G1 Evacuation Pause) 389M->27M(7848M) 11.953ms
[2025-03-26T13:49:34.133+0000][18784][info ][gc,cpu      ] GC(3) User=0.02s Sys=0.00s Real=0.01s
[2025-03-26T13:49:34.133+0000][18784][info ][safepoint   ] Safepoint "G1CollectForAllocation", Time since last: 532842900 ns, Reaching safepoint: 6800 ns, At safepoint: 12013500 ns, Total: 12020300 ns
[2025-03-26T13:49:34.829+0000][18784][info ][gc,start    ] GC(4) Pause Young (Concurrent Start) (Metadata GC Threshold)
[2025-03-26T13:49:34.829+0000][18784][info ][gc,task     ] GC(4) Using 10 workers of 10 for evacuation
[2025-03-26T13:49:34.829+0000][18784][debug][gc,age      ] GC(4) Desired survivor size 27262976 bytes, new threshold 15 (max threshold 15)
[2025-03-26T13:49:34.850+0000][18784][info ][gc,phases   ] GC(4)   Pre Evacuate Collection Set: 0.46ms
[2025-03-26T13:49:34.850+0000][18784][info ][gc,phases   ] GC(4)   Merge Heap Roots: 0.13ms
[2025-03-26T13:49:34.850+0000][18784][info ][gc,phases   ] GC(4)   Evacuate Collection Set: 10.35ms
[2025-03-26T13:49:34.852+0000][18784][info ][gc,phases   ] GC(4)   Post Evacuate Collection Set: 1.50ms
[2025-03-26T13:49:34.852+0000][18784][info ][gc,phases   ] GC(4)   Other: 0.24ms
[2025-03-26T13:49:34.852+0000][18784][trace][gc,age      ] GC(4) Age table:
[2025-03-26T13:49:34.852+0000][18784][trace][gc,age      ] GC(4) - age   1:    4459400 bytes,    4459400 total
[2025-03-26T13:49:34.852+0000][18784][trace][gc,age      ] GC(4) - age   2:    4526792 bytes,    8986192 total
[2025-03-26T13:49:34.852+0000][18784][trace][gc,age      ] GC(4) - age   3:    5995648 bytes,   14981840 total
[2025-03-26T13:49:34.852+0000][18784][trace][gc,age      ] GC(4) - age   4:   14419016 bytes,   29400856 total
[2025-03-26T13:49:34.852+0000][18784][info ][gc,heap     ] GC(4) Eden regions: 89->0(90)
[2025-03-26T13:49:34.852+0000][18784][info ][gc,heap     ] GC(4) Survivor regions: 7->8(13)
[2025-03-26T13:49:34.852+0000][18784][info ][gc,heap     ] GC(4) Old regions: 0->0
[2025-03-26T13:49:34.852+0000][18784][info ][gc,heap     ] GC(4) Humongous regions: 0->0
[2025-03-26T13:49:34.852+0000][18784][info ][gc,metaspace] GC(4) Metaspace: 34904K(35968K)->34904K(35968K) NonClass: 30941K(31552K)->30941K(31552K) Class: 3962K(4416K)->3962K(4416K)
[2025-03-26T13:49:34.852+0000][18784][info ][gc          ] GC(4) Pause Young (Concurrent Start) (Metadata GC Threshold) 383M->30M(7848M) 12.999ms
[2025-03-26T13:49:34.852+0000][18784][info ][gc          ] GC(5) Concurrent Mark Cycle
[2025-03-26T13:49:34.852+0000][18784][info ][gc,cpu      ] GC(4) User=0.14s Sys=0.00s Real=0.02s
[2025-03-26T13:49:34.852+0000][18784][info ][gc,marking  ] GC(5) Concurrent Scan Root Regions
[2025-03-26T13:49:34.852+0000][18784][info ][safepoint   ] Safepoint "CollectForMetadataAllocation", Time since last: 695936000 ns, Reaching safepoint: 7700 ns, At safepoint: 13233700 ns, Total: 13241400 ns
[2025-03-26T13:49:34.852+0000][18784][info ][gc,marking  ] GC(5) Concurrent Scan Root Regions 4.460ms
[2025-03-26T13:49:34.852+0000][18784][info ][gc,marking  ] GC(5) Concurrent Mark
[2025-03-26T13:49:34.852+0000][18784][info ][gc,marking  ] GC(5) Concurrent Mark From Roots
[2025-03-26T13:49:34.852+0000][18784][info ][gc,task     ] GC(5) Using 3 workers of 3 for marking
[2025-03-26T13:49:34.852+0000][18784][info ][gc,marking  ] GC(5) Concurrent Mark From Roots 0.369ms
[2025-03-26T13:49:34.852+0000][18784][info ][gc,marking  ] GC(5) Concurrent Preclean
[2025-03-26T13:49:34.852+0000][18784][info ][gc,marking  ] GC(5) Concurrent Preclean 0.011ms
[2025-03-26T13:49:34.852+0000][18784][info ][gc,start    ] GC(5) Pause Remark
[2025-03-26T13:49:34.858+0000][18784][info ][gc          ] GC(5) Pause Remark 32M->32M(7848M) 3.753ms
[2025-03-26T13:49:34.858+0000][18784][info ][gc,cpu      ] GC(5) User=0.12s Sys=0.00s Real=0.01s
[2025-03-26T13:49:34.858+0000][18784][info ][safepoint   ] Safepoint "G1PauseRemark", Time since last: 4837100 ns, Reaching safepoint: 14200 ns, At safepoint: 3888100 ns, Total: 3902300 ns
[2025-03-26T13:49:34.858+0000][18784][info ][gc,marking  ] GC(5) Concurrent Mark 4.394ms
[2025-03-26T13:49:34.858+0000][18784][info ][gc,marking  ] GC(5) Concurrent Rebuild Remembered Sets and Scrub Regions
[2025-03-26T13:49:34.858+0000][18784][info ][gc,marking  ] GC(5) Concurrent Rebuild Remembered Sets and Scrub Regions 0.074ms
[2025-03-26T13:49:34.858+0000][18784][info ][gc,start    ] GC(5) Pause Cleanup
[2025-03-26T13:49:34.858+0000][18784][info ][gc          ] GC(5) Pause Cleanup 32M->32M(7848M) 0.019ms
[2025-03-26T13:49:34.858+0000][18784][info ][gc,cpu      ] GC(5) User=0.00s Sys=0.00s Real=0.00s
[2025-03-26T13:49:34.861+0000][18784][info ][safepoint   ] Safepoint "G1PauseCleanup", Time since last: 177400 ns, Reaching safepoint: 12700 ns, At safepoint: 48700 ns, Total: 61400 ns
[2025-03-26T13:49:34.861+0000][18784][info ][gc,marking  ] GC(5) Concurrent Clear Claimed Marks
[2025-03-26T13:49:34.861+0000][18784][info ][gc,marking  ] GC(5) Concurrent Clear Claimed Marks 0.060ms
[2025-03-26T13:49:34.861+0000][18784][info ][gc,marking  ] GC(5) Concurrent Cleanup for Next Mark
[2025-03-26T13:49:34.861+0000][18784][info ][gc,marking  ] GC(5) Concurrent Cleanup for Next Mark 11.540ms
[2025-03-26T13:49:34.861+0000][18784][info ][gc          ] GC(5) Concurrent Mark Cycle 20.893ms
[2025-03-26T13:49:35.431+0000][18784][info ][gc,start    ] GC(6) Pause Young (Normal) (G1 Evacuation Pause)
[2025-03-26T13:49:35.431+0000][18784][info ][gc,task     ] GC(6) Using 10 workers of 10 for evacuation
[2025-03-26T13:49:35.431+0000][18784][debug][gc,age      ] GC(6) Desired survivor size 27262976 bytes, new threshold 4 (max threshold 15)
[2025-03-26T13:49:35.456+0000][18784][info ][gc,phases   ] GC(6)   Pre Evacuate Collection Set: 0.30ms
[2025-03-26T13:49:35.456+0000][18784][info ][gc,phases   ] GC(6)   Merge Heap Roots: 0.08ms
[2025-03-26T13:49:35.456+0000][18784][info ][gc,phases   ] GC(6)   Evacuate Collection Set: 13.36ms
[2025-03-26T13:49:35.456+0000][18784][info ][gc,phases   ] GC(6)   Post Evacuate Collection Set: 1.34ms
[2025-03-26T13:49:35.456+0000][18784][info ][gc,phases   ] GC(6)   Other: 0.10ms
[2025-03-26T13:49:35.456+0000][18784][trace][gc,age      ] GC(6) Age table:
[2025-03-26T13:49:35.456+0000][18784][trace][gc,age      ] GC(6) - age   1:    5805480 bytes,    5805480 total
[2025-03-26T13:49:35.456+0000][18784][trace][gc,age      ] GC(6) - age   2:    4439448 bytes,   10244928 total
[2025-03-26T13:49:35.456+0000][18784][trace][gc,age      ] GC(6) - age   3:    4524104 bytes,   14769032 total
[2025-03-26T13:49:35.456+0000][18784][trace][gc,age      ] GC(6) - age   4:    5994600 bytes,   20763632 total
[2025-03-26T13:49:35.456+0000][18784][info ][gc,heap     ] GC(6) Eden regions: 90->0(92)
[2025-03-26T13:49:35.456+0000][18784][info ][gc,heap     ] GC(6) Survivor regions: 8->6(13)
[2025-03-26T13:49:35.456+0000][18784][info ][gc,heap     ] GC(6) Old regions: 0->4
[2025-03-26T13:49:35.456+0000][18784][info ][gc,heap     ] GC(6) Humongous regions: 0->0
[2025-03-26T13:49:35.456+0000][18784][info ][gc,metaspace] GC(6) Metaspace: 37174K(38272K)->37174K(38272K) NonClass: 32860K(33536K)->32860K(33536K) Class: 4314K(4736K)->4314K(4736K)
[2025-03-26T13:49:35.456+0000][18784][info ][gc          ] GC(6) Pause Young (Normal) (G1 Evacuation Pause) 390M->36M(7848M) 15.502ms
[2025-03-26T13:49:35.456+0000][18784][info ][gc,cpu      ] GC(6) User=0.00s Sys=0.00s Real=0.03s
[2025-03-26T13:49:35.456+0000][18784][info ][safepoint   ] Safepoint "G1CollectForAllocation", Time since last: 581158200 ns, Reaching safepoint: 5400 ns, At safepoint: 15569100 ns, Total: 15574500 ns
[2025-03-26T13:49:36.076+0000][18784][info ][gc,start    ] GC(7) Pause Young (Normal) (G1 Evacuation Pause)
[2025-03-26T13:49:36.076+0000][18784][info ][gc,task     ] GC(7) Using 10 workers of 10 for evacuation
[2025-03-26T13:49:36.076+0000][18784][debug][gc,age      ] GC(7) Desired survivor size 27262976 bytes, new threshold 15 (max threshold 15)
[2025-03-26T13:49:36.094+0000][18784][info ][gc,phases   ] GC(7)   Pre Evacuate Collection Set: 0.41ms
[2025-03-26T13:49:36.094+0000][18784][info ][gc,phases   ] GC(7)   Merge Heap Roots: 0.13ms
[2025-03-26T13:49:36.094+0000][18784][info ][gc,phases   ] GC(7)   Evacuate Collection Set: 8.13ms
[2025-03-26T13:49:36.094+0000][18784][info ][gc,phases   ] GC(7)   Post Evacuate Collection Set: 0.88ms
[2025-03-26T13:49:36.094+0000][18784][info ][gc,phases   ] GC(7)   Other: 0.16ms
[2025-03-26T13:49:36.094+0000][18784][trace][gc,age      ] GC(7) Age table:
[2025-03-26T13:49:36.094+0000][18784][trace][gc,age      ] GC(7) - age   1:    5747248 bytes,    5747248 total
[2025-03-26T13:49:36.094+0000][18784][trace][gc,age      ] GC(7) - age   2:    5780664 bytes,   11527912 total
[2025-03-26T13:49:36.094+0000][18784][trace][gc,age      ] GC(7) - age   3:    4437320 bytes,   15965232 total
[2025-03-26T13:49:36.094+0000][18784][trace][gc,age      ] GC(7) - age   4:    4523384 bytes,   20488616 total
[2025-03-26T13:49:36.094+0000][18784][trace][gc,age      ] GC(7) - age   5:    5991832 bytes,   26480448 total
[2025-03-26T13:49:36.094+0000][18784][info ][gc,heap     ] GC(7) Eden regions: 92->0(90)
[2025-03-26T13:49:36.094+0000][18784][info ][gc,heap     ] GC(7) Survivor regions: 6->8(13)
[2025-03-26T13:49:36.094+0000][18784][info ][gc,heap     ] GC(7) Old regions: 4->4
[2025-03-26T13:49:36.094+0000][18784][info ][gc,heap     ] GC(7) Humongous regions: 0->0
[2025-03-26T13:49:36.094+0000][18784][info ][gc,metaspace] GC(7) Metaspace: 38977K(40128K)->38977K(40128K) NonClass: 34444K(35136K)->34444K(35136K) Class: 4533K(4992K)->4533K(4992K)
[2025-03-26T13:49:36.094+0000][18784][info ][gc          ] GC(7) Pause Young (Normal) (G1 Evacuation Pause) 404M->44M(7848M) 10.027ms
[2025-03-26T13:49:36.094+0000][18784][info ][gc,cpu      ] GC(7) User=0.02s Sys=0.00s Real=0.02s
[2025-03-26T13:49:36.094+0000][18784][info ][safepoint   ] Safepoint "G1CollectForAllocation", Time since last: 633217800 ns, Reaching safepoint: 8800 ns, At safepoint: 10087800 ns, Total: 10096600 ns
[2025-03-26T13:49:36.503+0000][18784][info ][gc,start    ] GC(8) Pause Young (Normal) (G1 Evacuation Pause)
[2025-03-26T13:49:36.503+0000][18784][info ][gc,task     ] GC(8) Using 10 workers of 10 for evacuation
[2025-03-26T13:49:36.503+0000][18784][debug][gc,age      ] GC(8) Desired survivor size 27262976 bytes, new threshold 15 (max threshold 15)
[2025-03-26T13:49:36.519+0000][18784][info ][gc,phases   ] GC(8)   Pre Evacuate Collection Set: 0.26ms
[2025-03-26T13:49:36.519+0000][18784][info ][gc,phases   ] GC(8)   Merge Heap Roots: 0.08ms
[2025-03-26T13:49:36.519+0000][18784][info ][gc,phases   ] GC(8)   Evacuate Collection Set: 7.27ms
[2025-03-26T13:49:36.519+0000][18784][info ][gc,phases   ] GC(8)   Post Evacuate Collection Set: 0.79ms
[2025-03-26T13:49:36.519+0000][18784][info ][gc,phases   ] GC(8)   Other: 0.08ms
[2025-03-26T13:49:36.519+0000][18784][trace][gc,age      ] GC(8) Age table:
[2025-03-26T13:49:36.519+0000][18784][trace][gc,age      ] GC(8) - age   1:    3276000 bytes,    3276000 total
[2025-03-26T13:49:36.519+0000][18784][trace][gc,age      ] GC(8) - age   2:    4477120 bytes,    7753120 total
[2025-03-26T13:49:36.519+0000][18784][trace][gc,age      ] GC(8) - age   3:    5780392 bytes,   13533512 total
[2025-03-26T13:49:36.519+0000][18784][trace][gc,age      ] GC(8) - age   4:    4437288 bytes,   17970800 total
[2025-03-26T13:49:36.519+0000][18784][trace][gc,age      ] GC(8) - age   5:    4522888 bytes,   22493688 total
[2025-03-26T13:49:36.519+0000][18784][trace][gc,age      ] GC(8) - age   6:    5989176 bytes,   28482864 total
[2025-03-26T13:49:36.519+0000][18784][info ][gc,heap     ] GC(8) Eden regions: 90->0(126)
[2025-03-26T13:49:36.519+0000][18784][info ][gc,heap     ] GC(8) Survivor regions: 8->8(13)
[2025-03-26T13:49:36.519+0000][18784][info ][gc,heap     ] GC(8) Old regions: 4->4
[2025-03-26T13:49:36.519+0000][18784][info ][gc,heap     ] GC(8) Humongous regions: 0->0
[2025-03-26T13:49:36.519+0000][18784][info ][gc,metaspace] GC(8) Metaspace: 39140K(40384K)->39140K(40384K) NonClass: 34578K(35328K)->34578K(35328K) Class: 4561K(5056K)->4561K(5056K)
[2025-03-26T13:49:36.519+0000][18784][info ][gc          ] GC(8) Pause Young (Normal) (G1 Evacuation Pause) 404M->46M(7848M) 8.781ms
[2025-03-26T13:49:36.519+0000][18784][info ][gc,cpu      ] GC(8) User=0.00s Sys=0.00s Real=0.02s
[2025-03-26T13:49:36.519+0000][18784][info ][safepoint   ] Safepoint "G1CollectForAllocation", Time since last: 412957200 ns, Reaching safepoint: 4000 ns, At safepoint: 8837300 ns, Total: 8841300 ns
[2025-03-26T13:49:39.039+0000][18784][info ][gc,start    ] GC(9) Pause Young (Concurrent Start) (Metadata GC Threshold)
[2025-03-26T13:49:39.039+0000][18784][info ][gc,task     ] GC(9) Using 10 workers of 10 for evacuation
[2025-03-26T13:49:39.039+0000][18784][debug][gc,age      ] GC(9) Desired survivor size 35651584 bytes, new threshold 15 (max threshold 15)
[2025-03-26T13:49:39.069+0000][18784][info ][gc,phases   ] GC(9)   Pre Evacuate Collection Set: 0.37ms
[2025-03-26T13:49:39.069+0000][18784][info ][gc,phases   ] GC(9)   Merge Heap Roots: 0.10ms
[2025-03-26T13:49:39.069+0000][18784][info ][gc,phases   ] GC(9)   Evacuate Collection Set: 14.11ms
[2025-03-26T13:49:39.069+0000][18784][info ][gc,phases   ] GC(9)   Post Evacuate Collection Set: 1.31ms
[2025-03-26T13:49:39.069+0000][18784][info ][gc,phases   ] GC(9)   Other: 0.17ms
[2025-03-26T13:49:39.069+0000][18784][trace][gc,age      ] GC(9) Age table:
[2025-03-26T13:49:39.069+0000][18784][trace][gc,age      ] GC(9) - age   1:    6809384 bytes,    6809384 total
[2025-03-26T13:49:39.069+0000][18784][trace][gc,age      ] GC(9) - age   2:    3255072 bytes,   10064456 total
[2025-03-26T13:49:39.069+0000][18784][trace][gc,age      ] GC(9) - age   3:    4437232 bytes,   14501688 total
[2025-03-26T13:49:39.070+0000][18784][trace][gc,age      ] GC(9) - age   4:    5755704 bytes,   20257392 total
[2025-03-26T13:49:39.070+0000][18784][trace][gc,age      ] GC(9) - age   5:    4414648 bytes,   24672040 total
[2025-03-26T13:49:39.070+0000][18784][trace][gc,age      ] GC(9) - age   6:    4506576 bytes,   29178616 total
[2025-03-26T13:49:39.070+0000][18784][trace][gc,age      ] GC(9) - age   7:    5790848 bytes,   34969464 total
[2025-03-26T13:49:39.071+0000][18784][info ][gc,heap     ] GC(9) Eden regions: 95->0(112)
[2025-03-26T13:49:39.071+0000][18784][info ][gc,heap     ] GC(9) Survivor regions: 8->10(17)
[2025-03-26T13:49:39.071+0000][18784][info ][gc,heap     ] GC(9) Old regions: 4->4
[2025-03-26T13:49:39.071+0000][18784][info ][gc,heap     ] GC(9) Humongous regions: 0->0
[2025-03-26T13:49:39.071+0000][18784][info ][gc,metaspace] GC(9) Metaspace: 58613K(60160K)->58613K(60160K) NonClass: 51374K(52288K)->51374K(52288K) Class: 7238K(7872K)->7238K(7872K)
[2025-03-26T13:49:39.071+0000][18784][info ][gc          ] GC(9) Pause Young (Concurrent Start) (Metadata GC Threshold) 424M->52M(7848M) 16.623ms
[2025-03-26T13:49:39.071+0000][18784][info ][gc          ] GC(10) Concurrent Mark Cycle
[2025-03-26T13:49:39.071+0000][18784][info ][gc,cpu      ] GC(9) User=0.02s Sys=0.00s Real=0.03s
[2025-03-26T13:49:39.071+0000][18784][info ][gc,marking  ] GC(10) Concurrent Scan Root Regions
[2025-03-26T13:49:39.071+0000][18784][info ][safepoint   ] Safepoint "CollectForMetadataAllocation", Time since last: 2530838700 ns, Reaching safepoint: 4800 ns, At safepoint: 16850900 ns, Total: 16855700 ns
[2025-03-26T13:49:39.071+0000][18784][info ][gc,marking  ] GC(10) Concurrent Scan Root Regions 5.022ms
[2025-03-26T13:49:39.071+0000][18784][info ][gc,marking  ] GC(10) Concurrent Mark
[2025-03-26T13:49:39.071+0000][18784][info ][gc,marking  ] GC(10) Concurrent Mark From Roots
[2025-03-26T13:49:39.071+0000][18784][info ][gc,task     ] GC(10) Using 3 workers of 3 for marking
[2025-03-26T13:49:39.071+0000][18784][info ][gc,marking  ] GC(10) Concurrent Mark From Roots 9.234ms
[2025-03-26T13:49:39.071+0000][18784][info ][gc,marking  ] GC(10) Concurrent Preclean
[2025-03-26T13:49:39.071+0000][18784][info ][gc,marking  ] GC(10) Concurrent Preclean 0.104ms
[2025-03-26T13:49:39.071+0000][18784][info ][gc,start    ] GC(10) Pause Remark
[2025-03-26T13:49:39.086+0000][18784][info ][gc          ] GC(10) Pause Remark 54M->54M(7848M) 4.610ms
[2025-03-26T13:49:39.086+0000][18784][info ][gc,cpu      ] GC(10) User=0.03s Sys=0.00s Real=0.01s
[2025-03-26T13:49:39.086+0000][18784][info ][safepoint   ] Safepoint "G1PauseRemark", Time since last: 14380500 ns, Reaching safepoint: 4000 ns, At safepoint: 4702500 ns, Total: 4706500 ns
[2025-03-26T13:49:39.086+0000][18784][info ][gc,marking  ] GC(10) Concurrent Mark 14.165ms
[2025-03-26T13:49:39.086+0000][18784][info ][gc,marking  ] GC(10) Concurrent Rebuild Remembered Sets and Scrub Regions
[2025-03-26T13:49:39.086+0000][18784][info ][gc,marking  ] GC(10) Concurrent Rebuild Remembered Sets and Scrub Regions 2.396ms
[2025-03-26T13:49:39.086+0000][18784][info ][gc,start    ] GC(10) Pause Cleanup
[2025-03-26T13:49:39.086+0000][18784][info ][gc          ] GC(10) Pause Cleanup 54M->54M(7848M) 0.101ms
[2025-03-26T13:49:39.086+0000][18784][info ][gc,cpu      ] GC(10) User=0.00s Sys=0.00s Real=0.00s
[2025-03-26T13:49:39.086+0000][18784][info ][safepoint   ] Safepoint "G1PauseCleanup", Time since last: 2557600 ns, Reaching safepoint: 15700 ns, At safepoint: 167800 ns, Total: 183500 ns
[2025-03-26T13:49:39.086+0000][18784][info ][gc,marking  ] GC(10) Concurrent Clear Claimed Marks
[2025-03-26T13:49:39.086+0000][18784][info ][gc,marking  ] GC(10) Concurrent Clear Claimed Marks 0.078ms
[2025-03-26T13:49:39.086+0000][18784][info ][gc,marking  ] GC(10) Concurrent Cleanup for Next Mark
[2025-03-26T13:49:39.104+0000][18784][info ][gc,marking  ] GC(10) Concurrent Cleanup for Next Mark 11.359ms
[2025-03-26T13:49:39.113+0000][18784][info ][gc          ] GC(10) Concurrent Mark Cycle 42.477ms
[2025-03-26T13:49:42.331+0000][18784][info ][gc,start    ] GC(11) Pause Young (Normal) (G1 Evacuation Pause)
[2025-03-26T13:49:42.331+0000][18784][info ][gc,task     ] GC(11) Using 10 workers of 10 for evacuation
[2025-03-26T13:49:42.331+0000][18784][debug][gc,age      ] GC(11) Desired survivor size 33554432 bytes, new threshold 7 (max threshold 15)
[2025-03-26T13:49:42.362+0000][18784][info ][gc,phases   ] GC(11)   Pre Evacuate Collection Set: 0.55ms
[2025-03-26T13:49:42.362+0000][18784][info ][gc,phases   ] GC(11)   Merge Heap Roots: 0.15ms
[2025-03-26T13:49:42.362+0000][18784][info ][gc,phases   ] GC(11)   Evacuate Collection Set: 19.76ms
[2025-03-26T13:49:42.362+0000][18784][info ][gc,phases   ] GC(11)   Post Evacuate Collection Set: 2.12ms
[2025-03-26T13:49:42.362+0000][18784][info ][gc,phases   ] GC(11)   Other: 0.17ms
[2025-03-26T13:49:42.362+0000][18784][trace][gc,age      ] GC(11) Age table:
[2025-03-26T13:49:42.362+0000][18784][trace][gc,age      ] GC(11) - age   1:   11801576 bytes,   11801576 total
[2025-03-26T13:49:42.362+0000][18784][trace][gc,age      ] GC(11) - age   2:    6364544 bytes,   18166120 total
[2025-03-26T13:49:42.362+0000][18784][trace][gc,age      ] GC(11) - age   3:    3213088 bytes,   21379208 total
[2025-03-26T13:49:42.362+0000][18784][trace][gc,age      ] GC(11) - age   4:    4433656 bytes,   25812864 total
[2025-03-26T13:49:42.362+0000][18784][trace][gc,age      ] GC(11) - age   5:    5746608 bytes,   31559472 total
[2025-03-26T13:49:42.362+0000][18784][trace][gc,age      ] GC(11) - age   6:    4402792 bytes,   35962264 total
[2025-03-26T13:49:42.362+0000][18784][trace][gc,age      ] GC(11) - age   7:    4497400 bytes,   40459664 total
[2025-03-26T13:49:42.362+0000][18784][info ][gc,heap     ] GC(11) Eden regions: 112->0(124)
[2025-03-26T13:49:42.362+0000][18784][info ][gc,heap     ] GC(11) Survivor regions: 10->11(16)
[2025-03-26T13:49:42.362+0000][18784][info ][gc,heap     ] GC(11) Old regions: 4->6
[2025-03-26T13:49:42.362+0000][18784][info ][gc,heap     ] GC(11) Humongous regions: 0->0
[2025-03-26T13:49:42.362+0000][18784][info ][gc,metaspace] GC(11) Metaspace: 77713K(79680K)->77713K(79680K) NonClass: 67241K(68416K)->67241K(68416K) Class: 10472K(11264K)->10472K(11264K)
[2025-03-26T13:49:42.362+0000][18784][info ][gc          ] GC(11) Pause Young (Normal) (G1 Evacuation Pause) 500M->64M(7848M) 23.063ms
[2025-03-26T13:49:42.362+0000][18784][info ][gc,cpu      ] GC(11) User=0.08s Sys=0.00s Real=0.03s
[2025-03-26T13:49:42.362+0000][18784][info ][safepoint   ] Safepoint "G1CollectForAllocation", Time since last: 3253539300 ns, Reaching safepoint: 6700 ns, At safepoint: 23126400 ns, Total: 23133100 ns
[2025-03-26T13:49:45.186+0000][18784][info ][gc,start    ] GC(12) Pause Young (Normal) (G1 Evacuation Pause)
[2025-03-26T13:49:45.186+0000][18784][info ][gc,task     ] GC(12) Using 10 workers of 10 for evacuation
[2025-03-26T13:49:45.186+0000][18784][debug][gc,age      ] GC(12) Desired survivor size 35651584 bytes, new threshold 6 (max threshold 15)
[2025-03-26T13:49:45.202+0000][18784][info ][gc,phases   ] GC(12)   Pre Evacuate Collection Set: 0.25ms
[2025-03-26T13:49:45.202+0000][18784][info ][gc,phases   ] GC(12)   Merge Heap Roots: 0.11ms
[2025-03-26T13:49:45.202+0000][18784][info ][gc,phases   ] GC(12)   Evacuate Collection Set: 16.51ms
[2025-03-26T13:49:45.202+0000][18784][info ][gc,phases   ] GC(12)   Post Evacuate Collection Set: 1.58ms
[2025-03-26T13:49:45.202+0000][18784][info ][gc,phases   ] GC(12)   Other: 0.16ms
[2025-03-26T13:49:45.202+0000][18784][trace][gc,age      ] GC(12) Age table:
[2025-03-26T13:49:45.202+0000][18784][trace][gc,age      ] GC(12) - age   1:    7028776 bytes,    7028776 total
[2025-03-26T13:49:45.202+0000][18784][trace][gc,age      ] GC(12) - age   2:   11422872 bytes,   18451648 total
[2025-03-26T13:49:45.202+0000][18784][trace][gc,age      ] GC(12) - age   3:    6253232 bytes,   24704880 total
[2025-03-26T13:49:45.202+0000][18784][trace][gc,age      ] GC(12) - age   4:    3210464 bytes,   27915344 total
[2025-03-26T13:49:45.202+0000][18784][trace][gc,age      ] GC(12) - age   5:    4429992 bytes,   32345336 total
[2025-03-26T13:49:45.202+0000][18784][trace][gc,age      ] GC(12) - age   6:    5738472 bytes,   38083808 total
[2025-03-26T13:49:45.202+0000][18784][info ][gc,heap     ] GC(12) Eden regions: 124->0(147)
[2025-03-26T13:49:45.202+0000][18784][info ][gc,heap     ] GC(12) Survivor regions: 11->11(17)
[2025-03-26T13:49:45.202+0000][18784][info ][gc,heap     ] GC(12) Old regions: 6->8
[2025-03-26T13:49:45.202+0000][18784][info ][gc,heap     ] GC(12) Humongous regions: 0->0
[2025-03-26T13:49:45.202+0000][18784][info ][gc,metaspace] GC(12) Metaspace: 92733K(94784K)->92733K(94784K) NonClass: 80230K(81472K)->80230K(81472K) Class: 12502K(13312K)->12502K(13312K)
[2025-03-26T13:49:45.202+0000][18784][info ][gc          ] GC(12) Pause Young (Normal) (G1 Evacuation Pause) 560M->70M(7848M) 18.949ms
[2025-03-26T13:49:45.202+0000][18784][info ][gc,cpu      ] GC(12) User=0.02s Sys=0.00s Real=0.02s
[2025-03-26T13:49:45.202+0000][18784][info ][safepoint   ] Safepoint "G1CollectForAllocation", Time since last: 2824501700 ns, Reaching safepoint: 6100 ns, At safepoint: 19009900 ns, Total: 19016000 ns
[2025-03-26T13:49:45.818+0000][18784][info ][gc,start    ] GC(13) Pause Young (Concurrent Start) (Metadata GC Threshold)
[2025-03-26T13:49:45.818+0000][18784][info ][gc,task     ] GC(13) Using 10 workers of 10 for evacuation
[2025-03-26T13:49:45.818+0000][18784][debug][gc,age      ] GC(13) Desired survivor size 41943040 bytes, new threshold 15 (max threshold 15)
[2025-03-26T13:49:45.849+0000][18784][info ][gc,phases   ] GC(13)   Pre Evacuate Collection Set: 0.37ms
[2025-03-26T13:49:45.849+0000][18784][info ][gc,phases   ] GC(13)   Merge Heap Roots: 0.09ms
[2025-03-26T13:49:45.849+0000][18784][info ][gc,phases   ] GC(13)   Evacuate Collection Set: 24.60ms
[2025-03-26T13:49:45.849+0000][18784][info ][gc,phases   ] GC(13)   Post Evacuate Collection Set: 1.95ms
[2025-03-26T13:49:45.849+0000][18784][info ][gc,phases   ] GC(13)   Other: 0.16ms
[2025-03-26T13:49:45.849+0000][18784][trace][gc,age      ] GC(13) Age table:
[2025-03-26T13:49:45.849+0000][18784][trace][gc,age      ] GC(13) - age   1:    2765424 bytes,    2765424 total
[2025-03-26T13:49:45.849+0000][18784][trace][gc,age      ] GC(13) - age   2:    6747768 bytes,    9513192 total
[2025-03-26T13:49:45.849+0000][18784][trace][gc,age      ] GC(13) - age   3:   11364304 bytes,   20877496 total
[2025-03-26T13:49:45.849+0000][18784][trace][gc,age      ] GC(13) - age   4:    6237128 bytes,   27114624 total
[2025-03-26T13:49:45.849+0000][18784][trace][gc,age      ] GC(13) - age   5:    3208000 bytes,   30322624 total
[2025-03-26T13:49:45.849+0000][18784][trace][gc,age      ] GC(13) - age   6:    4426440 bytes,   34749064 total
[2025-03-26T13:49:45.849+0000][18784][trace][gc,age      ] GC(13) - age   7:    5730264 bytes,   40479328 total
[2025-03-26T13:49:45.849+0000][18784][info ][gc,heap     ] GC(13) Eden regions: 17->0(196)
[2025-03-26T13:49:45.849+0000][18784][info ][gc,heap     ] GC(13) Survivor regions: 11->11(20)
[2025-03-26T13:49:45.849+0000][18784][info ][gc,heap     ] GC(13) Old regions: 8->8
[2025-03-26T13:49:45.849+0000][18784][info ][gc,heap     ] GC(13) Humongous regions: 0->0
[2025-03-26T13:49:45.849+0000][18784][info ][gc,metaspace] GC(13) Metaspace: 98409K(100480K)->98409K(100480K) NonClass: 84998K(86208K)->84998K(86208K) Class: 13411K(14272K)->13411K(14272K)
[2025-03-26T13:49:45.849+0000][18784][info ][gc          ] GC(13) Pause Young (Concurrent Start) (Metadata GC Threshold) 136M->73M(7848M) 27.465ms
[2025-03-26T13:49:45.849+0000][18784][info ][gc          ] GC(14) Concurrent Mark Cycle
[2025-03-26T13:49:45.849+0000][18784][info ][gc,cpu      ] GC(13) User=0.11s Sys=0.00s Real=0.03s
[2025-03-26T13:49:45.849+0000][18784][info ][gc,marking  ] GC(14) Concurrent Scan Root Regions
[2025-03-26T13:49:45.849+0000][18784][info ][safepoint   ] Safepoint "CollectForMetadataAllocation", Time since last: 609860600 ns, Reaching safepoint: 7300 ns, At safepoint: 27617100 ns, Total: 27624400 ns
[2025-03-26T13:49:45.849+0000][18784][info ][gc,marking  ] GC(14) Concurrent Scan Root Regions 10.318ms
[2025-03-26T13:49:45.849+0000][18784][info ][gc,marking  ] GC(14) Concurrent Mark
[2025-03-26T13:49:45.849+0000][18784][info ][gc,marking  ] GC(14) Concurrent Mark From Roots
[2025-03-26T13:49:45.849+0000][18784][info ][gc,task     ] GC(14) Using 3 workers of 3 for marking
[2025-03-26T13:49:45.865+0000][18784][info ][gc,marking  ] GC(14) Concurrent Mark From Roots 14.223ms
[2025-03-26T13:49:45.865+0000][18784][info ][gc,marking  ] GC(14) Concurrent Preclean
[2025-03-26T13:49:45.865+0000][18784][info ][gc,marking  ] GC(14) Concurrent Preclean 0.185ms
[2025-03-26T13:49:45.865+0000][18784][info ][gc,start    ] GC(14) Pause Remark
[2025-03-26T13:49:45.880+0000][18784][info ][gc          ] GC(14) Pause Remark 75M->75M(7848M) 7.956ms
[2025-03-26T13:49:45.880+0000][18784][info ][gc,cpu      ] GC(14) User=0.03s Sys=0.00s Real=0.02s
[2025-03-26T13:49:45.880+0000][18784][info ][safepoint   ] Safepoint "G1PauseRemark", Time since last: 24922300 ns, Reaching safepoint: 25800 ns, At safepoint: 8057500 ns, Total: 8083300 ns
[2025-03-26T13:49:45.880+0000][18784][info ][gc,marking  ] GC(14) Concurrent Mark 22.651ms
[2025-03-26T13:49:45.880+0000][18784][info ][gc,marking  ] GC(14) Concurrent Rebuild Remembered Sets and Scrub Regions
[2025-03-26T13:49:45.885+0000][18784][info ][gc,marking  ] GC(14) Concurrent Rebuild Remembered Sets and Scrub Regions 5.852ms
[2025-03-26T13:49:45.885+0000][18784][info ][gc,start    ] GC(14) Pause Cleanup
[2025-03-26T13:49:45.885+0000][18784][info ][gc          ] GC(14) Pause Cleanup 77M->77M(7848M) 0.093ms
[2025-03-26T13:49:45.885+0000][18784][info ][gc,cpu      ] GC(14) User=0.00s Sys=0.00s Real=0.00s
[2025-03-26T13:49:45.885+0000][18784][info ][safepoint   ] Safepoint "G1PauseCleanup", Time since last: 5983900 ns, Reaching safepoint: 16800 ns, At safepoint: 146300 ns, Total: 163100 ns
[2025-03-26T13:49:45.885+0000][18784][info ][gc,marking  ] GC(14) Concurrent Clear Claimed Marks
[2025-03-26T13:49:45.885+0000][18784][info ][gc,marking  ] GC(14) Concurrent Clear Claimed Marks 0.093ms
[2025-03-26T13:49:45.885+0000][18784][info ][gc,marking  ] GC(14) Concurrent Cleanup for Next Mark
[2025-03-26T13:49:45.896+0000][18784][info ][gc,marking  ] GC(14) Concurrent Cleanup for Next Mark 11.648ms
[2025-03-26T13:49:45.901+0000][18784][info ][gc          ] GC(14) Concurrent Mark Cycle 51.157ms
[2025-03-26T13:50:04.840+0000][18784][info ][gc,heap,exit] Heap
[2025-03-26T13:50:04.840+0000][18784][info ][gc,heap,exit]  garbage-first heap   total reserved 8036352K, committed 8036352K, used 576636K [0x0000000615800000, 0x0000000800000000)
[2025-03-26T13:50:04.840+0000][18784][info ][gc,heap,exit]   region size 4096K, 132 young (540672K), 11 survivors (45056K)
[2025-03-26T13:50:04.840+0000][18784][info ][gc,heap,exit]  Metaspace       used 140932K, committed 144960K, reserved 1179648K
[2025-03-26T13:50:04.840+0000][18784][info ][gc,heap,exit]   class space    used 20279K, committed 22080K, reserved 1048576K
