[2025-03-26T14:12:39.127+0000][11772][info][gc,init] CardTable entry size: 512
[2025-03-26T14:12:39.127+0000][11772][info][gc     ] Using G1
[2025-03-26T14:12:40.670+0000][11772][info][gc,init] Version: 23+37-2369 (release)
[2025-03-26T14:12:40.670+0000][11772][info][gc,init] CPUs: 12 total, 12 available
[2025-03-26T14:12:40.670+0000][11772][info][gc,init] Memory: 15693M
[2025-03-26T14:12:40.670+0000][11772][info][gc,init] Large Page Support: Disabled
[2025-03-26T14:12:40.670+0000][11772][info][gc,init] NUMA Support: Disabled
[2025-03-26T14:12:40.670+0000][11772][info][gc,init] Compressed Oops: Enabled (Zero based)
[2025-03-26T14:12:40.670+0000][11772][info][gc,init] Heap Region Size: 4M
[2025-03-26T14:12:40.670+0000][11772][info][gc,init] Heap Min Capacity: 7848M
[2025-03-26T14:12:40.684+0000][11772][info][gc,init] Heap Initial Capacity: 7848M
[2025-03-26T14:12:40.684+0000][11772][info][gc,init] Heap Max Capacity: 7848M
[2025-03-26T14:12:40.684+0000][11772][info][gc,init] Pre-touch: Enabled
[2025-03-26T14:12:40.684+0000][11772][info][gc,init] Parallel Workers: 10
[2025-03-26T14:12:40.684+0000][11772][info][gc,init] Concurrent Workers: 3
[2025-03-26T14:12:40.684+0000][11772][info][gc,init] Concurrent Refinement Workers: 10
[2025-03-26T14:12:40.684+0000][11772][info][gc,init] Periodic GC: Disabled
[2025-03-26T14:12:40.691+0000][11772][info][gc,metaspace] CDS archive(s) mapped at: [0x00000204e3000000-0x00000204e3d70000-0x00000204e3d70000), size 14090240, SharedBaseAddress: 0x00000204e3000000, ArchiveRelocationMode: 1.
[2025-03-26T14:12:40.691+0000][11772][info][gc,metaspace] Compressed class space mapped at: 0x00000204e4000000-0x0000020524000000, reserved size: 1073741824
[2025-03-26T14:12:40.691+0000][11772][info][gc,metaspace] Narrow klass base: 0x00000204e3000000, Narrow klass shift: 0, Narrow klass range: 0x41000000
[2025-03-26T14:12:46.652+0000][11772][info][gc,start    ] GC(0) Pause Young (Concurrent Start) (Metadata GC Threshold)
[2025-03-26T14:12:46.652+0000][11772][info][gc,task     ] GC(0) Using 10 workers of 10 for evacuation
[2025-03-26T14:12:46.652+0000][11772][debug][gc,age      ] GC(0) Desired survivor size 27262976 bytes, new threshold 15 (max threshold 15)
[2025-03-26T14:12:46.661+0000][11772][info ][gc,phases   ] GC(0)   Pre Evacuate Collection Set: 0.41ms
[2025-03-26T14:12:46.662+0000][11772][info ][gc,phases   ] GC(0)   Merge Heap Roots: 0.16ms
[2025-03-26T14:12:46.662+0000][11772][info ][gc,phases   ] GC(0)   Evacuate Collection Set: 7.33ms
[2025-03-26T14:12:46.662+0000][11772][info ][gc,phases   ] GC(0)   Post Evacuate Collection Set: 1.53ms
[2025-03-26T14:12:46.662+0000][11772][info ][gc,phases   ] GC(0)   Other: 0.31ms
[2025-03-26T14:12:46.662+0000][11772][trace][gc,age      ] GC(0) Age table:
[2025-03-26T14:12:46.662+0000][11772][trace][gc,age      ] GC(0) - age   1:   15389544 bytes,   15389544 total
[2025-03-26T14:12:46.662+0000][11772][info ][gc,heap     ] GC(0) Eden regions: 66->0(94)
[2025-03-26T14:12:46.662+0000][11772][info ][gc,heap     ] GC(0) Survivor regions: 0->4(13)
[2025-03-26T14:12:46.662+0000][11772][info ][gc,heap     ] GC(0) Old regions: 0->0
[2025-03-26T14:12:46.662+0000][11772][info ][gc,heap     ] GC(0) Humongous regions: 0->0
[2025-03-26T14:12:46.662+0000][11772][info ][gc,metaspace] GC(0) Metaspace: 20686K(21504K)->20686K(21504K) NonClass: 18353K(18816K)->18353K(18816K) Class: 2332K(2688K)->2332K(2688K)
[2025-03-26T14:12:46.662+0000][11772][info ][gc          ] GC(0) Pause Young (Concurrent Start) (Metadata GC Threshold) 262M->15M(7848M) 10.072ms
[2025-03-26T14:12:46.662+0000][11772][info ][gc,cpu      ] GC(0) User=0.00s Sys=0.00s Real=0.01s
[2025-03-26T14:12:46.662+0000][11772][info ][gc          ] GC(1) Concurrent Mark Cycle
[2025-03-26T14:12:46.662+0000][11772][info ][gc,marking  ] GC(1) Concurrent Scan Root Regions
[2025-03-26T14:12:46.662+0000][11772][info ][safepoint   ] Safepoint "CollectForMetadataAllocation", Time since last: 5945964800 ns, Reaching safepoint: 12800 ns, At safepoint: 10173600 ns, Total: 10186400 ns
[2025-03-26T14:12:46.665+0000][11772][info ][gc,marking  ] GC(1) Concurrent Scan Root Regions 3.768ms
[2025-03-26T14:12:46.665+0000][11772][info ][gc,marking  ] GC(1) Concurrent Mark
[2025-03-26T14:12:46.665+0000][11772][info ][gc,marking  ] GC(1) Concurrent Mark From Roots
[2025-03-26T14:12:46.665+0000][11772][info ][gc,task     ] GC(1) Using 3 workers of 3 for marking
[2025-03-26T14:12:46.665+0000][11772][info ][gc,marking  ] GC(1) Concurrent Mark From Roots 0.282ms
[2025-03-26T14:12:46.665+0000][11772][info ][gc,marking  ] GC(1) Concurrent Preclean
[2025-03-26T14:12:46.665+0000][11772][info ][gc,marking  ] GC(1) Concurrent Preclean 0.010ms
[2025-03-26T14:12:46.665+0000][11772][info ][gc,start    ] GC(1) Pause Remark
[2025-03-26T14:12:46.668+0000][11772][info ][gc          ] GC(1) Pause Remark 18M->18M(7848M) 2.396ms
[2025-03-26T14:12:46.668+0000][11772][info ][gc,cpu      ] GC(1) User=0.03s Sys=0.00s Real=0.00s
[2025-03-26T14:12:46.668+0000][11772][info ][safepoint   ] Safepoint "G1PauseRemark", Time since last: 4237600 ns, Reaching safepoint: 16100 ns, At safepoint: 2492400 ns, Total: 2508500 ns
[2025-03-26T14:12:46.668+0000][11772][info ][gc,marking  ] GC(1) Concurrent Mark 2.899ms
[2025-03-26T14:12:46.668+0000][11772][info ][gc,marking  ] GC(1) Concurrent Rebuild Remembered Sets and Scrub Regions
[2025-03-26T14:12:46.668+0000][11772][info ][gc,marking  ] GC(1) Concurrent Rebuild Remembered Sets and Scrub Regions 0.089ms
[2025-03-26T14:12:46.668+0000][11772][info ][gc,start    ] GC(1) Pause Cleanup
[2025-03-26T14:12:46.668+0000][11772][info ][gc          ] GC(1) Pause Cleanup 18M->18M(7848M) 0.037ms
[2025-03-26T14:12:46.668+0000][11772][info ][gc,cpu      ] GC(1) User=0.00s Sys=0.00s Real=0.00s
[2025-03-26T14:12:46.669+0000][11772][info ][safepoint   ] Safepoint "G1PauseCleanup", Time since last: 213600 ns, Reaching safepoint: 14900 ns, At safepoint: 82500 ns, Total: 97400 ns
[2025-03-26T14:12:46.669+0000][11772][info ][gc,marking  ] GC(1) Concurrent Clear Claimed Marks
[2025-03-26T14:12:46.669+0000][11772][info ][gc,marking  ] GC(1) Concurrent Clear Claimed Marks 0.047ms
[2025-03-26T14:12:46.669+0000][11772][info ][gc,marking  ] GC(1) Concurrent Cleanup for Next Mark
[2025-03-26T14:12:46.674+0000][11772][info ][gc,marking  ] GC(1) Concurrent Cleanup for Next Mark 12.490ms
[2025-03-26T14:12:46.674+0000][11772][info ][gc          ] GC(1) Concurrent Mark Cycle 19.784ms
[2025-03-26T14:12:48.175+0000][11772][info ][gc,start    ] GC(2) Pause Young (Normal) (G1 Evacuation Pause)
[2025-03-26T14:12:48.175+0000][11772][info ][gc,task     ] GC(2) Using 10 workers of 10 for evacuation
[2025-03-26T14:12:48.175+0000][11772][debug][gc,age      ] GC(2) Desired survivor size 27262976 bytes, new threshold 15 (max threshold 15)
[2025-03-26T14:12:48.188+0000][11772][info ][gc,phases   ] GC(2)   Pre Evacuate Collection Set: 0.42ms
[2025-03-26T14:12:48.188+0000][11772][info ][gc,phases   ] GC(2)   Merge Heap Roots: 0.13ms
[2025-03-26T14:12:48.188+0000][11772][info ][gc,phases   ] GC(2)   Evacuate Collection Set: 9.04ms
[2025-03-26T14:12:48.188+0000][11772][info ][gc,phases   ] GC(2)   Post Evacuate Collection Set: 1.72ms
[2025-03-26T14:12:48.188+0000][11772][info ][gc,phases   ] GC(2)   Other: 0.12ms
[2025-03-26T14:12:48.188+0000][11772][trace][gc,age      ] GC(2) Age table:
[2025-03-26T14:12:48.188+0000][11772][trace][gc,age      ] GC(2) - age   1:    6906504 bytes,    6906504 total
[2025-03-26T14:12:48.188+0000][11772][trace][gc,age      ] GC(2) - age   2:   14415696 bytes,   21322200 total
[2025-03-26T14:12:48.188+0000][11772][info ][gc,heap     ] GC(2) Eden regions: 94->0(92)
[2025-03-26T14:12:48.188+0000][11772][info ][gc,heap     ] GC(2) Survivor regions: 4->6(13)
[2025-03-26T14:12:48.188+0000][11772][info ][gc,heap     ] GC(2) Old regions: 0->0
[2025-03-26T14:12:48.188+0000][11772][info ][gc,heap     ] GC(2) Humongous regions: 0->0
[2025-03-26T14:12:48.188+0000][11772][info ][gc,metaspace] GC(2) Metaspace: 28919K(29824K)->28919K(29824K) NonClass: 25642K(26112K)->25642K(26112K) Class: 3277K(3712K)->3277K(3712K)
[2025-03-26T14:12:48.188+0000][11772][info ][gc          ] GC(2) Pause Young (Normal) (G1 Evacuation Pause) 391M->23M(7848M) 11.764ms
[2025-03-26T14:12:48.188+0000][11772][info ][gc,cpu      ] GC(2) User=0.00s Sys=0.00s Real=0.01s
[2025-03-26T14:12:48.188+0000][11772][info ][safepoint   ] Safepoint "G1CollectForAllocation", Time since last: 1507536700 ns, Reaching safepoint: 6400 ns, At safepoint: 11826300 ns, Total: 11832700 ns
[2025-03-26T14:12:48.891+0000][11772][info ][gc,start    ] GC(3) Pause Young (Normal) (G1 Evacuation Pause)
[2025-03-26T14:12:48.891+0000][11772][info ][gc,task     ] GC(3) Using 10 workers of 10 for evacuation
[2025-03-26T14:12:48.891+0000][11772][debug][gc,age      ] GC(3) Desired survivor size 27262976 bytes, new threshold 15 (max threshold 15)
[2025-03-26T14:12:48.906+0000][11772][info ][gc,phases   ] GC(3)   Pre Evacuate Collection Set: 0.42ms
[2025-03-26T14:12:48.906+0000][11772][info ][gc,phases   ] GC(3)   Merge Heap Roots: 0.08ms
[2025-03-26T14:12:48.906+0000][11772][info ][gc,phases   ] GC(3)   Evacuate Collection Set: 13.71ms
[2025-03-26T14:12:48.906+0000][11772][info ][gc,phases   ] GC(3)   Post Evacuate Collection Set: 1.50ms
[2025-03-26T14:12:48.906+0000][11772][info ][gc,phases   ] GC(3)   Other: 0.11ms
[2025-03-26T14:12:48.906+0000][11772][trace][gc,age      ] GC(3) Age table:
[2025-03-26T14:12:48.906+0000][11772][trace][gc,age      ] GC(3) - age   1:    5024296 bytes,    5024296 total
[2025-03-26T14:12:48.906+0000][11772][trace][gc,age      ] GC(3) - age   2:    6004312 bytes,   11028608 total
[2025-03-26T14:12:48.906+0000][11772][trace][gc,age      ] GC(3) - age   3:   14415632 bytes,   25444240 total
[2025-03-26T14:12:48.906+0000][11772][info ][gc,heap     ] GC(3) Eden regions: 92->0(91)
[2025-03-26T14:12:48.906+0000][11772][info ][gc,heap     ] GC(3) Survivor regions: 6->7(13)
[2025-03-26T14:12:48.906+0000][11772][info ][gc,heap     ] GC(3) Old regions: 0->0
[2025-03-26T14:12:48.906+0000][11772][info ][gc,heap     ] GC(3) Humongous regions: 0->0
[2025-03-26T14:12:48.906+0000][11772][info ][gc,metaspace] GC(3) Metaspace: 30072K(31104K)->30072K(31104K) NonClass: 26632K(27200K)->26632K(27200K) Class: 3439K(3904K)->3439K(3904K)
[2025-03-26T14:12:48.906+0000][11772][info ][gc          ] GC(3) Pause Young (Normal) (G1 Evacuation Pause) 391M->26M(7848M) 16.061ms
[2025-03-26T14:12:48.906+0000][11772][info ][gc,cpu      ] GC(3) User=0.02s Sys=0.00s Real=0.01s
[2025-03-26T14:12:48.906+0000][11772][info ][safepoint   ] Safepoint "G1CollectForAllocation", Time since last: 704533500 ns, Reaching safepoint: 4000 ns, At safepoint: 16110400 ns, Total: 16114400 ns
[2025-03-26T14:12:49.799+0000][11772][info ][gc,start    ] GC(4) Pause Young (Concurrent Start) (Metadata GC Threshold)
[2025-03-26T14:12:49.799+0000][11772][info ][gc,task     ] GC(4) Using 10 workers of 10 for evacuation
[2025-03-26T14:12:49.799+0000][11772][debug][gc,age      ] GC(4) Desired survivor size 27262976 bytes, new threshold 15 (max threshold 15)
[2025-03-26T14:12:49.814+0000][11772][info ][gc,phases   ] GC(4)   Pre Evacuate Collection Set: 0.46ms
[2025-03-26T14:12:49.814+0000][11772][info ][gc,phases   ] GC(4)   Merge Heap Roots: 0.11ms
[2025-03-26T14:12:49.814+0000][11772][info ][gc,phases   ] GC(4)   Evacuate Collection Set: 10.85ms
[2025-03-26T14:12:49.814+0000][11772][info ][gc,phases   ] GC(4)   Post Evacuate Collection Set: 1.49ms
[2025-03-26T14:12:49.814+0000][11772][info ][gc,phases   ] GC(4)   Other: 0.17ms
[2025-03-26T14:12:49.814+0000][11772][trace][gc,age      ] GC(4) Age table:
[2025-03-26T14:12:49.814+0000][11772][trace][gc,age      ] GC(4) - age   1:    4463584 bytes,    4463584 total
[2025-03-26T14:12:49.814+0000][11772][trace][gc,age      ] GC(4) - age   2:    4525864 bytes,    8989448 total
[2025-03-26T14:12:49.814+0000][11772][trace][gc,age      ] GC(4) - age   3:    5999224 bytes,   14988672 total
[2025-03-26T14:12:49.814+0000][11772][trace][gc,age      ] GC(4) - age   4:   14414960 bytes,   29403632 total
[2025-03-26T14:12:49.814+0000][11772][info ][gc,heap     ] GC(4) Eden regions: 89->0(90)
[2025-03-26T14:12:49.814+0000][11772][info ][gc,heap     ] GC(4) Survivor regions: 7->8(13)
[2025-03-26T14:12:49.814+0000][11772][info ][gc,heap     ] GC(4) Old regions: 0->0
[2025-03-26T14:12:49.814+0000][11772][info ][gc,heap     ] GC(4) Humongous regions: 0->0
[2025-03-26T14:12:49.814+0000][11772][info ][gc,metaspace] GC(4) Metaspace: 34962K(35968K)->34962K(35968K) NonClass: 30996K(31552K)->30996K(31552K) Class: 3965K(4416K)->3965K(4416K)
[2025-03-26T14:12:49.814+0000][11772][info ][gc          ] GC(4) Pause Young (Concurrent Start) (Metadata GC Threshold) 382M->32M(7848M) 13.357ms
[2025-03-26T14:12:49.814+0000][11772][info ][gc,cpu      ] GC(4) User=0.02s Sys=0.00s Real=0.01s
[2025-03-26T14:12:49.814+0000][11772][info ][gc          ] GC(5) Concurrent Mark Cycle
[2025-03-26T14:12:49.814+0000][11772][info ][gc,marking  ] GC(5) Concurrent Scan Root Regions
[2025-03-26T14:12:49.814+0000][11772][info ][safepoint   ] Safepoint "CollectForMetadataAllocation", Time since last: 896421600 ns, Reaching safepoint: 5900 ns, At safepoint: 13466400 ns, Total: 13472300 ns
[2025-03-26T14:12:49.820+0000][11772][info ][gc,marking  ] GC(5) Concurrent Scan Root Regions 4.817ms
[2025-03-26T14:12:49.820+0000][11772][info ][gc,marking  ] GC(5) Concurrent Mark
[2025-03-26T14:12:49.820+0000][11772][info ][gc,marking  ] GC(5) Concurrent Mark From Roots
[2025-03-26T14:12:49.820+0000][11772][info ][gc,task     ] GC(5) Using 3 workers of 3 for marking
[2025-03-26T14:12:49.820+0000][11772][info ][gc,marking  ] GC(5) Concurrent Mark From Roots 0.276ms
[2025-03-26T14:12:49.820+0000][11772][info ][gc,marking  ] GC(5) Concurrent Preclean
[2025-03-26T14:12:49.820+0000][11772][info ][gc,marking  ] GC(5) Concurrent Preclean 0.014ms
[2025-03-26T14:12:49.820+0000][11772][info ][gc,start    ] GC(5) Pause Remark
[2025-03-26T14:12:49.829+0000][11772][info ][gc          ] GC(5) Pause Remark 34M->34M(7848M) 4.844ms
[2025-03-26T14:12:49.829+0000][11772][info ][gc,cpu      ] GC(5) User=0.05s Sys=0.00s Real=0.01s
[2025-03-26T14:12:49.829+0000][11772][info ][safepoint   ] Safepoint "G1PauseRemark", Time since last: 5226700 ns, Reaching safepoint: 308600 ns, At safepoint: 4939000 ns, Total: 5247600 ns
[2025-03-26T14:12:49.829+0000][11772][info ][gc,marking  ] GC(5) Concurrent Mark 5.666ms
[2025-03-26T14:12:49.829+0000][11772][info ][gc,marking  ] GC(5) Concurrent Rebuild Remembered Sets and Scrub Regions
[2025-03-26T14:12:49.829+0000][11772][info ][gc,marking  ] GC(5) Concurrent Rebuild Remembered Sets and Scrub Regions 0.060ms
[2025-03-26T14:12:49.829+0000][11772][info ][gc,start    ] GC(5) Pause Cleanup
[2025-03-26T14:12:49.829+0000][11772][info ][gc          ] GC(5) Pause Cleanup 34M->34M(7848M) 0.029ms
[2025-03-26T14:12:49.829+0000][11772][info ][gc,cpu      ] GC(5) User=0.00s Sys=0.00s Real=0.00s
[2025-03-26T14:12:49.829+0000][11772][info ][safepoint   ] Safepoint "G1PauseCleanup", Time since last: 171400 ns, Reaching safepoint: 13100 ns, At safepoint: 59800 ns, Total: 72900 ns
[2025-03-26T14:12:49.829+0000][11772][info ][gc,marking  ] GC(5) Concurrent Clear Claimed Marks
[2025-03-26T14:12:49.829+0000][11772][info ][gc,marking  ] GC(5) Concurrent Clear Claimed Marks 0.058ms
[2025-03-26T14:12:49.829+0000][11772][info ][gc,marking  ] GC(5) Concurrent Cleanup for Next Mark
[2025-03-26T14:12:49.831+0000][11772][info ][gc,marking  ] GC(5) Concurrent Cleanup for Next Mark 11.693ms
[2025-03-26T14:12:49.831+0000][11772][info ][gc          ] GC(5) Concurrent Mark Cycle 22.668ms
[2025-03-26T14:12:50.570+0000][11772][info ][gc,start    ] GC(6) Pause Young (Normal) (G1 Evacuation Pause)
[2025-03-26T14:12:50.570+0000][11772][info ][gc,task     ] GC(6) Using 10 workers of 10 for evacuation
[2025-03-26T14:12:50.570+0000][11772][debug][gc,age      ] GC(6) Desired survivor size 27262976 bytes, new threshold 4 (max threshold 15)
[2025-03-26T14:12:50.592+0000][11772][info ][gc,phases   ] GC(6)   Pre Evacuate Collection Set: 0.35ms
[2025-03-26T14:12:50.592+0000][11772][info ][gc,phases   ] GC(6)   Merge Heap Roots: 0.10ms
[2025-03-26T14:12:50.592+0000][11772][info ][gc,phases   ] GC(6)   Evacuate Collection Set: 15.28ms
[2025-03-26T14:12:50.592+0000][11772][info ][gc,phases   ] GC(6)   Post Evacuate Collection Set: 1.47ms
[2025-03-26T14:12:50.592+0000][11772][info ][gc,phases   ] GC(6)   Other: 0.14ms
[2025-03-26T14:12:50.592+0000][11772][trace][gc,age      ] GC(6) Age table:
[2025-03-26T14:12:50.592+0000][11772][trace][gc,age      ] GC(6) - age   1:    5886208 bytes,    5886208 total
[2025-03-26T14:12:50.592+0000][11772][trace][gc,age      ] GC(6) - age   2:    4442344 bytes,   10328552 total
[2025-03-26T14:12:50.592+0000][11772][trace][gc,age      ] GC(6) - age   3:    4523144 bytes,   14851696 total
[2025-03-26T14:12:50.592+0000][11772][trace][gc,age      ] GC(6) - age   4:    5998176 bytes,   20849872 total
[2025-03-26T14:12:50.592+0000][11772][info ][gc,heap     ] GC(6) Eden regions: 90->0(92)
[2025-03-26T14:12:50.592+0000][11772][info ][gc,heap     ] GC(6) Survivor regions: 8->6(13)
[2025-03-26T14:12:50.592+0000][11772][info ][gc,heap     ] GC(6) Old regions: 0->4
[2025-03-26T14:12:50.592+0000][11772][info ][gc,heap     ] GC(6) Humongous regions: 0->0
[2025-03-26T14:12:50.592+0000][11772][info ][gc,metaspace] GC(6) Metaspace: 37435K(38528K)->37435K(38528K) NonClass: 33096K(33728K)->33096K(33728K) Class: 4339K(4800K)->4339K(4800K)
[2025-03-26T14:12:50.592+0000][11772][info ][gc          ] GC(6) Pause Young (Normal) (G1 Evacuation Pause) 392M->37M(7848M) 17.735ms
[2025-03-26T14:12:50.592+0000][11772][info ][gc,cpu      ] GC(6) User=0.02s Sys=0.02s Real=0.02s
[2025-03-26T14:12:50.592+0000][11772][info ][safepoint   ] Safepoint "G1CollectForAllocation", Time since last: 745303100 ns, Reaching safepoint: 4600 ns, At safepoint: 17798900 ns, Total: 17803500 ns
[2025-03-26T14:12:51.353+0000][11772][info ][gc,start    ] GC(7) Pause Young (Normal) (G1 Evacuation Pause)
[2025-03-26T14:12:51.353+0000][11772][info ][gc,task     ] GC(7) Using 10 workers of 10 for evacuation
[2025-03-26T14:12:51.353+0000][11772][debug][gc,age      ] GC(7) Desired survivor size 27262976 bytes, new threshold 15 (max threshold 15)
[2025-03-26T14:12:51.353+0000][11772][info ][gc,phases   ] GC(7)   Pre Evacuate Collection Set: 0.32ms
[2025-03-26T14:12:51.353+0000][11772][info ][gc,phases   ] GC(7)   Merge Heap Roots: 0.14ms
[2025-03-26T14:12:51.353+0000][11772][info ][gc,phases   ] GC(7)   Evacuate Collection Set: 5.73ms
[2025-03-26T14:12:51.353+0000][11772][info ][gc,phases   ] GC(7)   Post Evacuate Collection Set: 0.86ms
[2025-03-26T14:12:51.353+0000][11772][info ][gc,phases   ] GC(7)   Other: 0.12ms
[2025-03-26T14:12:51.353+0000][11772][trace][gc,age      ] GC(7) Age table:
[2025-03-26T14:12:51.353+0000][11772][trace][gc,age      ] GC(7) - age   1:    5630240 bytes,    5630240 total
[2025-03-26T14:12:51.353+0000][11772][trace][gc,age      ] GC(7) - age   2:    5860536 bytes,   11490776 total
[2025-03-26T14:12:51.353+0000][11772][trace][gc,age      ] GC(7) - age   3:    4440216 bytes,   15930992 total
[2025-03-26T14:12:51.353+0000][11772][trace][gc,age      ] GC(7) - age   4:    4522424 bytes,   20453416 total
[2025-03-26T14:12:51.353+0000][11772][trace][gc,age      ] GC(7) - age   5:    5995408 bytes,   26448824 total
[2025-03-26T14:12:51.353+0000][11772][info ][gc,heap     ] GC(7) Eden regions: 92->0(91)
[2025-03-26T14:12:51.353+0000][11772][info ][gc,heap     ] GC(7) Survivor regions: 6->7(13)
[2025-03-26T14:12:51.353+0000][11772][info ][gc,heap     ] GC(7) Old regions: 4->4
[2025-03-26T14:12:51.353+0000][11772][info ][gc,heap     ] GC(7) Humongous regions: 0->0
[2025-03-26T14:12:51.353+0000][11772][info ][gc,metaspace] GC(7) Metaspace: 39007K(40192K)->39007K(40192K) NonClass: 34475K(35200K)->34475K(35200K) Class: 4532K(4992K)->4532K(4992K)
[2025-03-26T14:12:51.353+0000][11772][info ][gc          ] GC(7) Pause Young (Normal) (G1 Evacuation Pause) 405M->41M(7848M) 7.445ms
[2025-03-26T14:12:51.353+0000][11772][info ][gc,cpu      ] GC(7) User=0.00s Sys=0.00s Real=0.00s
[2025-03-26T14:12:51.353+0000][11772][info ][safepoint   ] Safepoint "G1CollectForAllocation", Time since last: 764957700 ns, Reaching safepoint: 6800 ns, At safepoint: 7510000 ns, Total: 7516800 ns
[2025-03-26T14:12:51.893+0000][11772][info ][gc,start    ] GC(8) Pause Young (Normal) (G1 Evacuation Pause)
[2025-03-26T14:12:51.893+0000][11772][info ][gc,task     ] GC(8) Using 10 workers of 10 for evacuation
[2025-03-26T14:12:51.893+0000][11772][debug][gc,age      ] GC(8) Desired survivor size 27262976 bytes, new threshold 15 (max threshold 15)
[2025-03-26T14:12:51.913+0000][11772][info ][gc,phases   ] GC(8)   Pre Evacuate Collection Set: 0.37ms
[2025-03-26T14:12:51.913+0000][11772][info ][gc,phases   ] GC(8)   Merge Heap Roots: 0.12ms
[2025-03-26T14:12:51.913+0000][11772][info ][gc,phases   ] GC(8)   Evacuate Collection Set: 6.25ms
[2025-03-26T14:12:51.913+0000][11772][info ][gc,phases   ] GC(8)   Post Evacuate Collection Set: 0.94ms
[2025-03-26T14:12:51.913+0000][11772][info ][gc,phases   ] GC(8)   Other: 0.12ms
[2025-03-26T14:12:51.913+0000][11772][trace][gc,age      ] GC(8) Age table:
[2025-03-26T14:12:51.913+0000][11772][trace][gc,age      ] GC(8) - age   1:    3433480 bytes,    3433480 total
[2025-03-26T14:12:51.913+0000][11772][trace][gc,age      ] GC(8) - age   2:    4395248 bytes,    7828728 total
[2025-03-26T14:12:51.913+0000][11772][trace][gc,age      ] GC(8) - age   3:    5860112 bytes,   13688840 total
[2025-03-26T14:12:51.913+0000][11772][trace][gc,age      ] GC(8) - age   4:    4440152 bytes,   18128992 total
[2025-03-26T14:12:51.913+0000][11772][trace][gc,age      ] GC(8) - age   5:    4521960 bytes,   22650952 total
[2025-03-26T14:12:51.913+0000][11772][trace][gc,age      ] GC(8) - age   6:    5992736 bytes,   28643688 total
[2025-03-26T14:12:51.913+0000][11772][info ][gc,heap     ] GC(8) Eden regions: 91->0(124)
[2025-03-26T14:12:51.913+0000][11772][info ][gc,heap     ] GC(8) Survivor regions: 7->8(13)
[2025-03-26T14:12:51.913+0000][11772][info ][gc,heap     ] GC(8) Old regions: 4->4
[2025-03-26T14:12:51.913+0000][11772][info ][gc,heap     ] GC(8) Humongous regions: 0->0
[2025-03-26T14:12:51.913+0000][11772][info ][gc,metaspace] GC(8) Metaspace: 39550K(40768K)->39550K(40768K) NonClass: 34950K(35648K)->34950K(35648K) Class: 4599K(5120K)->4599K(5120K)
[2025-03-26T14:12:51.913+0000][11772][info ][gc          ] GC(8) Pause Young (Normal) (G1 Evacuation Pause) 405M->44M(7848M) 8.060ms
[2025-03-26T14:12:51.913+0000][11772][info ][gc,cpu      ] GC(8) User=0.02s Sys=0.00s Real=0.02s
[2025-03-26T14:12:51.913+0000][11772][info ][safepoint   ] Safepoint "G1CollectForAllocation", Time since last: 540518300 ns, Reaching safepoint: 5000 ns, At safepoint: 8114100 ns, Total: 8119100 ns
[2025-03-26T14:12:55.559+0000][11772][info ][gc,start    ] GC(9) Pause Young (Concurrent Start) (Metadata GC Threshold)
[2025-03-26T14:12:55.559+0000][11772][info ][gc,task     ] GC(9) Using 10 workers of 10 for evacuation
[2025-03-26T14:12:55.559+0000][11772][debug][gc,age      ] GC(9) Desired survivor size 35651584 bytes, new threshold 15 (max threshold 15)
[2025-03-26T14:12:55.573+0000][11772][info ][gc,phases   ] GC(9)   Pre Evacuate Collection Set: 0.43ms
[2025-03-26T14:12:55.573+0000][11772][info ][gc,phases   ] GC(9)   Merge Heap Roots: 0.13ms
[2025-03-26T14:12:55.573+0000][11772][info ][gc,phases   ] GC(9)   Evacuate Collection Set: 11.50ms
[2025-03-26T14:12:55.573+0000][11772][info ][gc,phases   ] GC(9)   Post Evacuate Collection Set: 1.77ms
[2025-03-26T14:12:55.573+0000][11772][info ][gc,phases   ] GC(9)   Other: 0.18ms
[2025-03-26T14:12:55.573+0000][11772][trace][gc,age      ] GC(9) Age table:
[2025-03-26T14:12:55.573+0000][11772][trace][gc,age      ] GC(9) - age   1:    6647784 bytes,    6647784 total
[2025-03-26T14:12:55.573+0000][11772][trace][gc,age      ] GC(9) - age   2:    3408696 bytes,   10056480 total
[2025-03-26T14:12:55.575+0000][11772][trace][gc,age      ] GC(9) - age   3:    4356320 bytes,   14412800 total
[2025-03-26T14:12:55.575+0000][11772][trace][gc,age      ] GC(9) - age   4:    5834648 bytes,   20247448 total
[2025-03-26T14:12:55.575+0000][11772][trace][gc,age      ] GC(9) - age   5:    4417544 bytes,   24664992 total
[2025-03-26T14:12:55.575+0000][11772][trace][gc,age      ] GC(9) - age   6:    4505664 bytes,   29170656 total
[2025-03-26T14:12:55.575+0000][11772][trace][gc,age      ] GC(9) - age   7:    5794456 bytes,   34965112 total
[2025-03-26T14:12:55.575+0000][11772][info ][gc,heap     ] GC(9) Eden regions: 93->0(189)
[2025-03-26T14:12:55.575+0000][11772][info ][gc,heap     ] GC(9) Survivor regions: 8->10(17)
[2025-03-26T14:12:55.575+0000][11772][info ][gc,heap     ] GC(9) Old regions: 4->4
[2025-03-26T14:12:55.575+0000][11772][info ][gc,heap     ] GC(9) Humongous regions: 0->0
[2025-03-26T14:12:55.575+0000][11772][info ][gc,metaspace] GC(9) Metaspace: 58669K(60160K)->58669K(60160K) NonClass: 51425K(52352K)->51425K(52352K) Class: 7243K(7808K)->7243K(7808K)
[2025-03-26T14:12:55.575+0000][11772][info ][gc          ] GC(9) Pause Young (Concurrent Start) (Metadata GC Threshold) 416M->51M(7848M) 14.344ms
[2025-03-26T14:12:55.575+0000][11772][info ][gc,cpu      ] GC(9) User=0.00s Sys=0.00s Real=0.02s
[2025-03-26T14:12:55.575+0000][11772][info ][gc          ] GC(10) Concurrent Mark Cycle
[2025-03-26T14:12:55.575+0000][11772][info ][gc,marking  ] GC(10) Concurrent Scan Root Regions
[2025-03-26T14:12:55.575+0000][11772][info ][safepoint   ] Safepoint "CollectForMetadataAllocation", Time since last: 3646040200 ns, Reaching safepoint: 5300 ns, At safepoint: 14463300 ns, Total: 14468600 ns
[2025-03-26T14:12:55.578+0000][11772][info ][gc,marking  ] GC(10) Concurrent Scan Root Regions 5.245ms
[2025-03-26T14:12:55.578+0000][11772][info ][gc,marking  ] GC(10) Concurrent Mark
[2025-03-26T14:12:55.578+0000][11772][info ][gc,marking  ] GC(10) Concurrent Mark From Roots
[2025-03-26T14:12:55.578+0000][11772][info ][gc,task     ] GC(10) Using 3 workers of 3 for marking
[2025-03-26T14:12:55.588+0000][11772][info ][gc,marking  ] GC(10) Concurrent Mark From Roots 10.371ms
[2025-03-26T14:12:55.588+0000][11772][info ][gc,marking  ] GC(10) Concurrent Preclean
[2025-03-26T14:12:55.588+0000][11772][info ][gc,marking  ] GC(10) Concurrent Preclean 0.138ms
[2025-03-26T14:12:55.591+0000][11772][info ][gc,start    ] GC(10) Pause Remark
[2025-03-26T14:12:55.595+0000][11772][info ][gc          ] GC(10) Pause Remark 53M->53M(7848M) 4.288ms
[2025-03-26T14:12:55.595+0000][11772][info ][gc,cpu      ] GC(10) User=0.00s Sys=0.00s Real=0.00s
[2025-03-26T14:12:55.595+0000][11772][info ][safepoint   ] Safepoint "G1PauseRemark", Time since last: 15896100 ns, Reaching safepoint: 15600 ns, At safepoint: 4382500 ns, Total: 4398100 ns
[2025-03-26T14:12:55.595+0000][11772][info ][gc,marking  ] GC(10) Concurrent Mark 15.054ms
[2025-03-26T14:12:55.595+0000][11772][info ][gc,marking  ] GC(10) Concurrent Rebuild Remembered Sets and Scrub Regions
[2025-03-26T14:12:55.597+0000][11772][info ][gc,marking  ] GC(10) Concurrent Rebuild Remembered Sets and Scrub Regions 3.042ms
[2025-03-26T14:12:55.597+0000][11772][info ][gc,start    ] GC(10) Pause Cleanup
[2025-03-26T14:12:55.597+0000][11772][info ][gc          ] GC(10) Pause Cleanup 53M->53M(7848M) 0.080ms
[2025-03-26T14:12:55.597+0000][11772][info ][gc,cpu      ] GC(10) User=0.00s Sys=0.00s Real=0.00s
[2025-03-26T14:12:55.597+0000][11772][info ][safepoint   ] Safepoint "G1PauseCleanup", Time since last: 3203900 ns, Reaching safepoint: 15000 ns, At safepoint: 124700 ns, Total: 139700 ns
[2025-03-26T14:12:55.597+0000][11772][info ][gc,marking  ] GC(10) Concurrent Clear Claimed Marks
[2025-03-26T14:12:55.597+0000][11772][info ][gc,marking  ] GC(10) Concurrent Clear Claimed Marks 0.080ms
[2025-03-26T14:12:55.597+0000][11772][info ][gc,marking  ] GC(10) Concurrent Cleanup for Next Mark
[2025-03-26T14:12:55.608+0000][11772][info ][gc,marking  ] GC(10) Concurrent Cleanup for Next Mark 11.613ms
[2025-03-26T14:12:55.608+0000][11772][info ][gc          ] GC(10) Concurrent Mark Cycle 35.560ms
[2025-03-26T14:13:00.372+0000][11772][info ][gc,start    ] GC(11) Pause Young (Normal) (G1 Evacuation Pause)
[2025-03-26T14:13:00.372+0000][11772][info ][gc,task     ] GC(11) Using 10 workers of 10 for evacuation
[2025-03-26T14:13:00.372+0000][11772][debug][gc,age      ] GC(11) Desired survivor size 52428800 bytes, new threshold 15 (max threshold 15)
[2025-03-26T14:13:00.394+0000][11772][info ][gc,phases   ] GC(11)   Pre Evacuate Collection Set: 0.28ms
[2025-03-26T14:13:00.394+0000][11772][info ][gc,phases   ] GC(11)   Merge Heap Roots: 0.13ms
[2025-03-26T14:13:00.394+0000][11772][info ][gc,phases   ] GC(11)   Evacuate Collection Set: 17.79ms
[2025-03-26T14:13:00.394+0000][11772][info ][gc,phases   ] GC(11)   Post Evacuate Collection Set: 2.15ms
[2025-03-26T14:13:00.394+0000][11772][info ][gc,phases   ] GC(11)   Other: 0.16ms
[2025-03-26T14:13:00.394+0000][11772][trace][gc,age      ] GC(11) Age table:
[2025-03-26T14:13:00.394+0000][11772][trace][gc,age      ] GC(11) - age   1:   12285168 bytes,   12285168 total
[2025-03-26T14:13:00.394+0000][11772][trace][gc,age      ] GC(11) - age   2:    6203640 bytes,   18488808 total
[2025-03-26T14:13:00.394+0000][11772][trace][gc,age      ] GC(11) - age   3:    3366608 bytes,   21855416 total
[2025-03-26T14:13:00.394+0000][11772][trace][gc,age      ] GC(11) - age   4:    4352984 bytes,   26208400 total
[2025-03-26T14:13:00.394+0000][11772][trace][gc,age      ] GC(11) - age   5:    5825344 bytes,   32033744 total
[2025-03-26T14:13:00.394+0000][11772][trace][gc,age      ] GC(11) - age   6:    4405688 bytes,   36439432 total
[2025-03-26T14:13:00.394+0000][11772][trace][gc,age      ] GC(11) - age   7:    4496392 bytes,   40935824 total
[2025-03-26T14:13:00.394+0000][11772][trace][gc,age      ] GC(11) - age   8:    5764800 bytes,   46700624 total
[2025-03-26T14:13:00.394+0000][11772][info ][gc,heap     ] GC(11) Eden regions: 189->0(121)
[2025-03-26T14:13:00.394+0000][11772][info ][gc,heap     ] GC(11) Survivor regions: 10->13(25)
[2025-03-26T14:13:00.394+0000][11772][info ][gc,heap     ] GC(11) Old regions: 4->4
[2025-03-26T14:13:00.394+0000][11772][info ][gc,heap     ] GC(11) Humongous regions: 0->0
[2025-03-26T14:13:00.394+0000][11772][info ][gc,metaspace] GC(11) Metaspace: 77859K(79808K)->77859K(79808K) NonClass: 67359K(68544K)->67359K(68544K) Class: 10500K(11264K)->10500K(11264K)
[2025-03-26T14:13:00.394+0000][11772][info ][gc          ] GC(11) Pause Young (Normal) (G1 Evacuation Pause) 807M->65M(7848M) 20.813ms
[2025-03-26T14:13:00.394+0000][11772][info ][gc,cpu      ] GC(11) User=0.09s Sys=0.00s Real=0.02s
[2025-03-26T14:13:00.394+0000][11772][info ][safepoint   ] Safepoint "G1CollectForAllocation", Time since last: 4775694300 ns, Reaching safepoint: 6300 ns, At safepoint: 20875900 ns, Total: 20882200 ns
[2025-03-26T14:13:03.802+0000][11772][info ][gc,start    ] GC(12) Pause Young (Concurrent Start) (Metadata GC Threshold)
[2025-03-26T14:13:03.802+0000][11772][info ][gc,task     ] GC(12) Using 10 workers of 10 for evacuation
[2025-03-26T14:13:03.802+0000][11772][debug][gc,age      ] GC(12) Desired survivor size 35651584 bytes, new threshold 6 (max threshold 15)
[2025-03-26T14:13:03.825+0000][11772][info ][gc,phases   ] GC(12)   Pre Evacuate Collection Set: 0.37ms
[2025-03-26T14:13:03.825+0000][11772][info ][gc,phases   ] GC(12)   Merge Heap Roots: 0.08ms
[2025-03-26T14:13:03.825+0000][11772][info ][gc,phases   ] GC(12)   Evacuate Collection Set: 21.80ms
[2025-03-26T14:13:03.825+0000][11772][info ][gc,phases   ] GC(12)   Post Evacuate Collection Set: 2.71ms
[2025-03-26T14:13:03.825+0000][11772][info ][gc,phases   ] GC(12)   Other: 0.15ms
[2025-03-26T14:13:03.825+0000][11772][trace][gc,age      ] GC(12) Age table:
[2025-03-26T14:13:03.825+0000][11772][trace][gc,age      ] GC(12) - age   1:    9773664 bytes,    9773664 total
[2025-03-26T14:13:03.825+0000][11772][trace][gc,age      ] GC(12) - age   2:   11459096 bytes,   21232760 total
[2025-03-26T14:13:03.825+0000][11772][trace][gc,age      ] GC(12) - age   3:    6070544 bytes,   27303304 total
[2025-03-26T14:13:03.825+0000][11772][trace][gc,age      ] GC(12) - age   4:    3359264 bytes,   30662568 total
[2025-03-26T14:13:03.825+0000][11772][trace][gc,age      ] GC(12) - age   5:    4345288 bytes,   35007856 total
[2025-03-26T14:13:03.825+0000][11772][trace][gc,age      ] GC(12) - age   6:    5808392 bytes,   40816248 total
[2025-03-26T14:13:03.825+0000][11772][info ][gc,heap     ] GC(12) Eden regions: 64->0(165)
[2025-03-26T14:13:03.825+0000][11772][info ][gc,heap     ] GC(12) Survivor regions: 13->12(17)
[2025-03-26T14:13:03.825+0000][11772][info ][gc,heap     ] GC(12) Old regions: 4->8
[2025-03-26T14:13:03.825+0000][11772][info ][gc,heap     ] GC(12) Humongous regions: 0->0
[2025-03-26T14:13:03.825+0000][11772][info ][gc,metaspace] GC(12) Metaspace: 98581K(100608K)->98581K(100608K) NonClass: 85133K(86336K)->85133K(86336K) Class: 13447K(14272K)->13447K(14272K)
[2025-03-26T14:13:03.825+0000][11772][info ][gc          ] GC(12) Pause Young (Concurrent Start) (Metadata GC Threshold) 321M->75M(7848M) 25.520ms
[2025-03-26T14:13:03.825+0000][11772][info ][gc,cpu      ] GC(12) User=0.09s Sys=0.00s Real=0.02s
[2025-03-26T14:13:03.825+0000][11772][info ][gc          ] GC(13) Concurrent Mark Cycle
[2025-03-26T14:13:03.825+0000][11772][info ][gc,marking  ] GC(13) Concurrent Scan Root Regions
[2025-03-26T14:13:03.825+0000][11772][info ][safepoint   ] Safepoint "CollectForMetadataAllocation", Time since last: 3407913000 ns, Reaching safepoint: 7600 ns, At safepoint: 25648400 ns, Total: 25656000 ns
[2025-03-26T14:13:03.836+0000][11772][info ][gc,marking  ] GC(13) Concurrent Scan Root Regions 10.391ms
[2025-03-26T14:13:03.836+0000][11772][info ][gc,marking  ] GC(13) Concurrent Mark
[2025-03-26T14:13:03.836+0000][11772][info ][gc,marking  ] GC(13) Concurrent Mark From Roots
[2025-03-26T14:13:03.836+0000][11772][info ][gc,task     ] GC(13) Using 3 workers of 3 for marking
[2025-03-26T14:13:03.847+0000][11772][info ][gc,marking  ] GC(13) Concurrent Mark From Roots 8.762ms
[2025-03-26T14:13:03.847+0000][11772][info ][gc,marking  ] GC(13) Concurrent Preclean
[2025-03-26T14:13:03.847+0000][11772][info ][gc,marking  ] GC(13) Concurrent Preclean 0.115ms
[2025-03-26T14:13:03.863+0000][11772][info ][gc,start    ] GC(13) Pause Remark
[2025-03-26T14:13:03.868+0000][11772][info ][gc          ] GC(13) Pause Remark 78M->78M(7848M) 6.630ms
[2025-03-26T14:13:03.868+0000][11772][info ][gc,cpu      ] GC(13) User=0.00s Sys=0.00s Real=0.01s
[2025-03-26T14:13:03.868+0000][11772][info ][safepoint   ] Safepoint "G1PauseRemark", Time since last: 19433100 ns, Reaching safepoint: 15348700 ns, At safepoint: 6749500 ns, Total: 22098200 ns
[2025-03-26T14:13:03.868+0000][11772][info ][gc,marking  ] GC(13) Concurrent Mark 31.128ms
[2025-03-26T14:13:03.868+0000][11772][info ][gc,marking  ] GC(13) Concurrent Rebuild Remembered Sets and Scrub Regions
[2025-03-26T14:13:03.871+0000][11772][info ][gc,marking  ] GC(13) Concurrent Rebuild Remembered Sets and Scrub Regions 4.335ms
[2025-03-26T14:13:03.871+0000][11772][info ][gc,start    ] GC(13) Pause Cleanup
[2025-03-26T14:13:03.871+0000][11772][info ][gc          ] GC(13) Pause Cleanup 78M->78M(7848M) 0.107ms
[2025-03-26T14:13:03.871+0000][11772][info ][gc,cpu      ] GC(13) User=0.00s Sys=0.00s Real=0.00s
[2025-03-26T14:13:03.871+0000][11772][info ][safepoint   ] Safepoint "G1PauseCleanup", Time since last: 4509600 ns, Reaching safepoint: 47700 ns, At safepoint: 159700 ns, Total: 207400 ns
[2025-03-26T14:13:03.871+0000][11772][info ][gc,marking  ] GC(13) Concurrent Clear Claimed Marks
[2025-03-26T14:13:03.871+0000][11772][info ][gc,marking  ] GC(13) Concurrent Clear Claimed Marks 0.107ms
[2025-03-26T14:13:03.871+0000][11772][info ][gc,marking  ] GC(13) Concurrent Cleanup for Next Mark
[2025-03-26T14:13:03.884+0000][11772][info ][gc,marking  ] GC(13) Concurrent Cleanup for Next Mark 11.955ms
[2025-03-26T14:13:03.884+0000][11772][info ][gc          ] GC(13) Concurrent Mark Cycle 58.529ms
[2025-03-26T14:20:17.114+0000][11772][info ][gc,start    ] GC(14) Pause Young (Normal) (G1 Evacuation Pause)
[2025-03-26T14:20:17.114+0000][11772][info ][gc,task     ] GC(14) Using 10 workers of 10 for evacuation
[2025-03-26T14:20:17.114+0000][11772][debug][gc,age      ] GC(14) Desired survivor size 48234496 bytes, new threshold 15 (max threshold 15)
[2025-03-26T14:20:17.179+0000][11772][info ][gc,phases   ] GC(14)   Pre Evacuate Collection Set: 0.60ms
[2025-03-26T14:20:17.179+0000][11772][info ][gc,phases   ] GC(14)   Merge Heap Roots: 0.24ms
[2025-03-26T14:20:17.179+0000][11772][info ][gc,phases   ] GC(14)   Evacuate Collection Set: 59.62ms
[2025-03-26T14:20:17.179+0000][11772][info ][gc,phases   ] GC(14)   Post Evacuate Collection Set: 5.43ms
[2025-03-26T14:20:17.179+0000][11772][info ][gc,phases   ] GC(14)   Other: 0.26ms
[2025-03-26T14:20:17.179+0000][11772][trace][gc,age      ] GC(14) Age table:
[2025-03-26T14:20:17.179+0000][11772][trace][gc,age      ] GC(14) - age   1:   33328744 bytes,   33328744 total
[2025-03-26T14:20:17.179+0000][11772][trace][gc,age      ] GC(14) - age   2:    9371288 bytes,   42700032 total
[2025-03-26T14:20:17.179+0000][11772][trace][gc,age      ] GC(14) - age   3:   11295336 bytes,   53995368 total
[2025-03-26T14:20:17.179+0000][11772][trace][gc,age      ] GC(14) - age   4:    6039376 bytes,   60034744 total
[2025-03-26T14:20:17.179+0000][11772][trace][gc,age      ] GC(14) - age   5:    3357600 bytes,   63392344 total
[2025-03-26T14:20:17.179+0000][11772][trace][gc,age      ] GC(14) - age   6:    4341928 bytes,   67734272 total
[2025-03-26T14:20:17.179+0000][11772][trace][gc,age      ] GC(14) - age   7:    5801696 bytes,   73535968 total
[2025-03-26T14:20:17.179+0000][11772][info ][gc,heap     ] GC(14) Eden regions: 165->0(175)
[2025-03-26T14:20:17.179+0000][11772][info ][gc,heap     ] GC(14) Survivor regions: 12->20(23)
[2025-03-26T14:20:17.179+0000][11772][info ][gc,heap     ] GC(14) Old regions: 8->8
[2025-03-26T14:20:17.179+0000][11772][info ][gc,heap     ] GC(14) Humongous regions: 2->2
[2025-03-26T14:20:17.179+0000][11772][info ][gc,metaspace] GC(14) Metaspace: 142548K(146560K)->142548K(146560K) NonClass: 122080K(124288K)->122080K(124288K) Class: 20468K(22272K)->20468K(22272K)
[2025-03-26T14:20:17.179+0000][11772][info ][gc          ] GC(14) Pause Young (Normal) (G1 Evacuation Pause) 743M->114M(7848M) 66.603ms
[2025-03-26T14:20:17.179+0000][11772][info ][gc,cpu      ] GC(14) User=0.22s Sys=0.00s Real=0.06s
[2025-03-26T14:20:17.179+0000][11772][info ][safepoint   ] Safepoint "G1CollectForAllocation", Time since last: 433239993100 ns, Reaching safepoint: 21400 ns, At safepoint: 66739100 ns, Total: 66760500 ns
[2025-03-26T14:47:01.194+0000][11772][info ][gc,start    ] GC(15) Pause Young (Normal) (G1 Evacuation Pause)
[2025-03-26T14:47:01.194+0000][11772][info ][gc,task     ] GC(15) Using 10 workers of 10 for evacuation
[2025-03-26T14:47:01.194+0000][11772][debug][gc,age      ] GC(15) Desired survivor size 52428800 bytes, new threshold 3 (max threshold 15)
[2025-03-26T14:47:01.240+0000][11772][info ][gc,phases   ] GC(15)   Pre Evacuate Collection Set: 0.87ms
[2025-03-26T14:47:01.240+0000][11772][info ][gc,phases   ] GC(15)   Merge Heap Roots: 0.25ms
[2025-03-26T14:47:01.240+0000][11772][info ][gc,phases   ] GC(15)   Evacuate Collection Set: 40.45ms
[2025-03-26T14:47:01.240+0000][11772][info ][gc,phases   ] GC(15)   Post Evacuate Collection Set: 4.08ms
[2025-03-26T14:47:01.241+0000][11772][info ][gc,phases   ] GC(15)   Other: 0.24ms
[2025-03-26T14:47:01.241+0000][11772][trace][gc,age      ] GC(15) Age table:
[2025-03-26T14:47:01.241+0000][11772][trace][gc,age      ] GC(15) - age   1:     108632 bytes,     108632 total
[2025-03-26T14:47:01.241+0000][11772][trace][gc,age      ] GC(15) - age   2:   32718232 bytes,   32826864 total
[2025-03-26T14:47:01.241+0000][11772][trace][gc,age      ] GC(15) - age   3:    9370808 bytes,   42197672 total
[2025-03-26T14:47:01.241+0000][11772][info ][gc,heap     ] GC(15) Eden regions: 175->0(265)
[2025-03-26T14:47:01.241+0000][11772][info ][gc,heap     ] GC(15) Survivor regions: 20->12(25)
[2025-03-26T14:47:01.241+0000][11772][info ][gc,heap     ] GC(15) Old regions: 8->16
[2025-03-26T14:47:01.241+0000][11772][info ][gc,heap     ] GC(15) Humongous regions: 2->2
[2025-03-26T14:47:01.241+0000][11772][info ][gc,metaspace] GC(15) Metaspace: 142913K(146880K)->142913K(146880K) NonClass: 122428K(124608K)->122428K(124608K) Class: 20484K(22272K)->20484K(22272K)
[2025-03-26T14:47:01.241+0000][11772][info ][gc          ] GC(15) Pause Young (Normal) (G1 Evacuation Pause) 814M->116M(7848M) 46.588ms
[2025-03-26T14:47:01.241+0000][11772][info ][gc,cpu      ] GC(15) User=0.25s Sys=0.00s Real=0.05s
[2025-03-26T14:47:01.241+0000][11772][info ][safepoint   ] Safepoint "G1CollectForAllocation", Time since last: 1604012905900 ns, Reaching safepoint: 30300 ns, At safepoint: 46776000 ns, Total: 46806300 ns
